Archive member included to satisfy reference by file (symbol)

c:/st/stm32cubeide_1.10.1/stm32cubeide/plugins/com.st.stm32cube.ide.mcu.externaltools.gnu-tools-for-stm32.10.3-2021.10.win32_1.0.0.202111181127/tools/bin/../lib/gcc/arm-none-eabi/10.3.1/../../../../arm-none-eabi/lib/thumb/v7-m/nofp\libc_nano.a(lib_a-errno.o)
                              ./Core/Src/syscalls.o (__errno)
c:/st/stm32cubeide_1.10.1/stm32cubeide/plugins/com.st.stm32cube.ide.mcu.externaltools.gnu-tools-for-stm32.10.3-2021.10.win32_1.0.0.202111181127/tools/bin/../lib/gcc/arm-none-eabi/10.3.1/../../../../arm-none-eabi/lib/thumb/v7-m/nofp\libc_nano.a(lib_a-exit.o)
                              c:/st/stm32cubeide_1.10.1/stm32cubeide/plugins/com.st.stm32cube.ide.mcu.externaltools.gnu-tools-for-stm32.10.3-2021.10.win32_1.0.0.202111181127/tools/bin/../lib/gcc/arm-none-eabi/10.3.1/../../../../arm-none-eabi/lib/thumb/v7-m/nofp/crt0.o (exit)
c:/st/stm32cubeide_1.10.1/stm32cubeide/plugins/com.st.stm32cube.ide.mcu.externaltools.gnu-tools-for-stm32.10.3-2021.10.win32_1.0.0.202111181127/tools/bin/../lib/gcc/arm-none-eabi/10.3.1/../../../../arm-none-eabi/lib/thumb/v7-m/nofp\libc_nano.a(lib_a-impure.o)
                              c:/st/stm32cubeide_1.10.1/stm32cubeide/plugins/com.st.stm32cube.ide.mcu.externaltools.gnu-tools-for-stm32.10.3-2021.10.win32_1.0.0.202111181127/tools/bin/../lib/gcc/arm-none-eabi/10.3.1/../../../../arm-none-eabi/lib/thumb/v7-m/nofp\libc_nano.a(lib_a-exit.o) (_global_impure_ptr)
c:/st/stm32cubeide_1.10.1/stm32cubeide/plugins/com.st.stm32cube.ide.mcu.externaltools.gnu-tools-for-stm32.10.3-2021.10.win32_1.0.0.202111181127/tools/bin/../lib/gcc/arm-none-eabi/10.3.1/../../../../arm-none-eabi/lib/thumb/v7-m/nofp\libc_nano.a(lib_a-init.o)
                              c:/st/stm32cubeide_1.10.1/stm32cubeide/plugins/com.st.stm32cube.ide.mcu.externaltools.gnu-tools-for-stm32.10.3-2021.10.win32_1.0.0.202111181127/tools/bin/../lib/gcc/arm-none-eabi/10.3.1/../../../../arm-none-eabi/lib/thumb/v7-m/nofp/crt0.o (__libc_init_array)
c:/st/stm32cubeide_1.10.1/stm32cubeide/plugins/com.st.stm32cube.ide.mcu.externaltools.gnu-tools-for-stm32.10.3-2021.10.win32_1.0.0.202111181127/tools/bin/../lib/gcc/arm-none-eabi/10.3.1/../../../../arm-none-eabi/lib/thumb/v7-m/nofp\libc_nano.a(lib_a-memset.o)
                              c:/st/stm32cubeide_1.10.1/stm32cubeide/plugins/com.st.stm32cube.ide.mcu.externaltools.gnu-tools-for-stm32.10.3-2021.10.win32_1.0.0.202111181127/tools/bin/../lib/gcc/arm-none-eabi/10.3.1/../../../../arm-none-eabi/lib/thumb/v7-m/nofp/crt0.o (memset)
c:/st/stm32cubeide_1.10.1/stm32cubeide/plugins/com.st.stm32cube.ide.mcu.externaltools.gnu-tools-for-stm32.10.3-2021.10.win32_1.0.0.202111181127/tools/bin/../lib/gcc/arm-none-eabi/10.3.1/thumb/v7-m/nofp\libgcc.a(_aeabi_uldivmod.o)
                              ./Drivers/STM32F1xx_HAL_Driver/Src/stm32f1xx_hal_rcc.o (__aeabi_uldivmod)
c:/st/stm32cubeide_1.10.1/stm32cubeide/plugins/com.st.stm32cube.ide.mcu.externaltools.gnu-tools-for-stm32.10.3-2021.10.win32_1.0.0.202111181127/tools/bin/../lib/gcc/arm-none-eabi/10.3.1/thumb/v7-m/nofp\libgcc.a(_udivmoddi4.o)
                              c:/st/stm32cubeide_1.10.1/stm32cubeide/plugins/com.st.stm32cube.ide.mcu.externaltools.gnu-tools-for-stm32.10.3-2021.10.win32_1.0.0.202111181127/tools/bin/../lib/gcc/arm-none-eabi/10.3.1/thumb/v7-m/nofp\libgcc.a(_aeabi_uldivmod.o) (__udivmoddi4)
c:/st/stm32cubeide_1.10.1/stm32cubeide/plugins/com.st.stm32cube.ide.mcu.externaltools.gnu-tools-for-stm32.10.3-2021.10.win32_1.0.0.202111181127/tools/bin/../lib/gcc/arm-none-eabi/10.3.1/thumb/v7-m/nofp\libgcc.a(_dvmd_tls.o)
                              c:/st/stm32cubeide_1.10.1/stm32cubeide/plugins/com.st.stm32cube.ide.mcu.externaltools.gnu-tools-for-stm32.10.3-2021.10.win32_1.0.0.202111181127/tools/bin/../lib/gcc/arm-none-eabi/10.3.1/thumb/v7-m/nofp\libgcc.a(_aeabi_uldivmod.o) (__aeabi_ldiv0)

Discarded input sections

 .text          0x0000000000000000        0x0 c:/st/stm32cubeide_1.10.1/stm32cubeide/plugins/com.st.stm32cube.ide.mcu.externaltools.gnu-tools-for-stm32.10.3-2021.10.win32_1.0.0.202111181127/tools/bin/../lib/gcc/arm-none-eabi/10.3.1/thumb/v7-m/nofp/crti.o
 .data          0x0000000000000000        0x0 c:/st/stm32cubeide_1.10.1/stm32cubeide/plugins/com.st.stm32cube.ide.mcu.externaltools.gnu-tools-for-stm32.10.3-2021.10.win32_1.0.0.202111181127/tools/bin/../lib/gcc/arm-none-eabi/10.3.1/thumb/v7-m/nofp/crti.o
 .bss           0x0000000000000000        0x0 c:/st/stm32cubeide_1.10.1/stm32cubeide/plugins/com.st.stm32cube.ide.mcu.externaltools.gnu-tools-for-stm32.10.3-2021.10.win32_1.0.0.202111181127/tools/bin/../lib/gcc/arm-none-eabi/10.3.1/thumb/v7-m/nofp/crti.o
 .data          0x0000000000000000        0x4 c:/st/stm32cubeide_1.10.1/stm32cubeide/plugins/com.st.stm32cube.ide.mcu.externaltools.gnu-tools-for-stm32.10.3-2021.10.win32_1.0.0.202111181127/tools/bin/../lib/gcc/arm-none-eabi/10.3.1/thumb/v7-m/nofp/crtbegin.o
[...]
Memory Configuration

Name             Origin             Length             Attributes
RAM              0x0000000020000000 0x0000000000010000 xrw
FLASH            0x0000000008000000 0x0000000000040000 xr
*default*        0x0000000000000000 0xffffffffffffffff

Linker script and memory map

LOAD c:/st/stm32cubeide_1.10.1/stm32cubeide/plugins/com.st.stm32cube.ide.mcu.externaltools.gnu-tools-for-stm32.10.3-2021.10.win32_1.0.0.202111181127/tools/bin/../lib/gcc/arm-none-eabi/10.3.1/thumb/v7-m/nofp/crti.o
LOAD c:/st/stm32cubeide_1.10.1/stm32cubeide/plugins/com.st.stm32cube.ide.mcu.externaltools.gnu-tools-for-stm32.10.3-2021.10.win32_1.0.0.202111181127/tools/bin/../lib/gcc/arm-none-eabi/10.3.1/thumb/v7-m/nofp/crtbegin.o
LOAD c:/st/stm32cubeide_1.10.1/stm32cubeide/plugins/com.st.stm32cube.ide.mcu.externaltools.gnu-tools-for-stm32.10.3-2021.10.win32_1.0.0.202111181127/tools/bin/../lib/gcc/arm-none-eabi/10.3.1/../../../../arm-none-eabi/lib/thumb/v7-m/nofp/crt0.o
LOAD ./Core/InterruptHandler/SerialInt.o
LOAD ./Core/InterruptHandler/TimerInt.o
LOAD ./Core/Src/app/common/uart_handler.o
LOAD ./Core/Src/app/logic/ace_businesslogic.o
LOAD ./Core/Src/app/modbus/uart_communication_app.o
LOAD ./Core/Src/main.o
LOAD ./Core/Src/stm32f1xx_hal_msp.o
LOAD ./Core/Src/stm32f1xx_it.o
LOAD ./Core/Src/syscalls.o
LOAD ./Core/Src/sysmem.o
LOAD ./Core/Src/system_stm32f1xx.o
LOAD ./Core/Startup/startup_stm32f107vctx.o
LOAD ./Core/wq5264/w25qxx.o
LOAD ./Drivers/STM32F1xx_HAL_Driver/Src/stm32f1xx_hal.o
LOAD ./Drivers/STM32F1xx_HAL_Driver/Src/stm32f1xx_hal_cortex.o
LOAD ./Drivers/STM32F1xx_HAL_Driver/Src/stm32f1xx_hal_dma.o
LOAD ./Drivers/STM32F1xx_HAL_Driver/Src/stm32f1xx_hal_exti.o
LOAD ./Drivers/STM32F1xx_HAL_Driver/Src/stm32f1xx_hal_flash.o
LOAD ./Drivers/STM32F1xx_HAL_Driver/Src/stm32f1xx_hal_flash_ex.o
LOAD ./Drivers/STM32F1xx_HAL_Driver/Src/stm32f1xx_hal_gpio.o
LOAD ./Drivers/STM32F1xx_HAL_Driver/Src/stm32f1xx_hal_gpio_ex.o
LOAD ./Drivers/STM32F1xx_HAL_Driver/Src/stm32f1xx_hal_pwr.o
LOAD ./Drivers/STM32F1xx_HAL_Driver/Src/stm32f1xx_hal_rcc.o
LOAD ./Drivers/STM32F1xx_HAL_Driver/Src/stm32f1xx_hal_rcc_ex.o
LOAD ./Drivers/STM32F1xx_HAL_Driver/Src/stm32f1xx_hal_spi.o
LOAD ./Drivers/STM32F1xx_HAL_Driver/Src/stm32f1xx_hal_tim.o
LOAD ./Drivers/STM32F1xx_HAL_Driver/Src/stm32f1xx_hal_tim_ex.o
LOAD ./Drivers/STM32F1xx_HAL_Driver/Src/stm32f1xx_hal_uart.o
START GROUP
LOAD c:/st/stm32cubeide_1.10.1/stm32cubeide/plugins/com.st.stm32cube.ide.mcu.externaltools.gnu-tools-for-stm32.10.3-2021.10.win32_1.0.0.202111181127/tools/bin/../lib/gcc/arm-none-eabi/10.3.1/../../../../arm-none-eabi/lib/thumb/v7-m/nofp\libc_nano.a
LOAD c:/st/stm32cubeide_1.10.1/stm32cubeide/plugins/com.st.stm32cube.ide.mcu.externaltools.gnu-tools-for-stm32.10.3-2021.10.win32_1.0.0.202111181127/tools/bin/../lib/gcc/arm-none-eabi/10.3.1/../../../../arm-none-eabi/lib/thumb/v7-m/nofp\libm.a
END GROUP
START GROUP
LOAD c:/st/stm32cubeide_1.10.1/stm32cubeide/plugins/com.st.stm32cube.ide.mcu.externaltools.gnu-tools-for-stm32.10.3-2021.10.win32_1.0.0.202111181127/tools/bin/../lib/gcc/arm-none-eabi/10.3.1/thumb/v7-m/nofp\libgcc.a
LOAD c:/st/stm32cubeide_1.10.1/stm32cubeide/plugins/com.st.stm32cube.ide.mcu.externaltools.gnu-tools-for-stm32.10.3-2021.10.win32_1.0.0.202111181127/tools/bin/../lib/gcc/arm-none-eabi/10.3.1/../../../../arm-none-eabi/lib/thumb/v7-m/nofp\libc_nano.a
END GROUP
START GROUP
LOAD c:/st/stm32cubeide_1.10.1/stm32cubeide/plugins/com.st.stm32cube.ide.mcu.externaltools.gnu-tools-for-stm32.10.3-2021.10.win32_1.0.0.202111181127/tools/bin/../lib/gcc/arm-none-eabi/10.3.1/thumb/v7-m/nofp\libgcc.a
LOAD c:/st/stm32cubeide_1.10.1/stm32cubeide/plugins/com.st.stm32cube.ide.mcu.externaltools.gnu-tools-for-stm32.10.3-2021.10.win32_1.0.0.202111181127/tools/bin/../lib/gcc/arm-none-eabi/10.3.1/../../../../arm-none-eabi/lib/thumb/v7-m/nofp\libc_nano.a
LOAD c:/st/stm32cubeide_1.10.1/stm32cubeide/plugins/com.st.stm32cube.ide.mcu.externaltools.gnu-tools-for-stm32.10.3-2021.10.win32_1.0.0.202111181127/tools/bin/../lib/gcc/arm-none-eabi/10.3.1/../../../../arm-none-eabi/lib/thumb/v7-m/nofp\libnosys.a
END GROUP
START GROUP
LOAD c:/st/stm32cubeide_1.10.1/stm32cubeide/plugins/com.st.stm32cube.ide.mcu.externaltools.gnu-tools-for-stm32.10.3-2021.10.win32_1.0.0.202111181127/tools/bin/../lib/gcc/arm-none-eabi/10.3.1/thumb/v7-m/nofp\libgcc.a
LOAD c:/st/stm32cubeide_1.10.1/stm32cubeide/plugins/com.st.stm32cube.ide.mcu.externaltools.gnu-tools-for-stm32.10.3-2021.10.win32_1.0.0.202111181127/tools/bin/../lib/gcc/arm-none-eabi/10.3.1/../../../../arm-none-eabi/lib/thumb/v7-m/nofp\libc_nano.a
LOAD c:/st/stm32cubeide_1.10.1/stm32cubeide/plugins/com.st.stm32cube.ide.mcu.externaltools.gnu-tools-for-stm32.10.3-2021.10.win32_1.0.0.202111181127/tools/bin/../lib/gcc/arm-none-eabi/10.3.1/../../../../arm-none-eabi/lib/thumb/v7-m/nofp\libnosys.a
END GROUP
LOAD c:/st/stm32cubeide_1.10.1/stm32cubeide/plugins/com.st.stm32cube.ide.mcu.externaltools.gnu-tools-for-stm32.10.3-2021.10.win32_1.0.0.202111181127/tools/bin/../lib/gcc/arm-none-eabi/10.3.1/thumb/v7-m/nofp/crtend.o
LOAD c:/st/stm32cubeide_1.10.1/stm32cubeide/plugins/com.st.stm32cube.ide.mcu.externaltools.gnu-tools-for-stm32.10.3-2021.10.win32_1.0.0.202111181127/tools/bin/../lib/gcc/arm-none-eabi/10.3.1/thumb/v7-m/nofp/crtn.o
                0x0000000020010000                _estack = (ORIGIN (RAM) + LENGTH (RAM))
                0x0000000000000200                _Min_Heap_Size = 0x200
                0x0000000000000400                _Min_Stack_Size = 0x400

.isr_vector     0x0000000008000000      0x1e4
                0x0000000008000000                . = ALIGN (0x4)
 *(.isr_vector)
 .isr_vector    0x0000000008000000      0x1e4 ./Core/Startup/startup_stm32f107vctx.o
                0x0000000008000000                g_pfnVectors
                0x00000000080001e4                . = ALIGN (0x4)

.text           0x00000000080001e4     0x4d80
                0x00000000080001e4                . = ALIGN (0x4)
 *(.text)
 .text          0x00000000080001e4       0x40 c:/st/stm32cubeide_1.10.1/stm32cubeide/plugins/com.st.stm32cube.ide.mcu.externaltools.gnu-tools-for-stm32.10.3-2021.10.win32_1.0.0.202111181127/tools/bin/../lib/gcc/arm-none-eabi/10.3.1/thumb/v7-m/nofp/crtbegin.o
 .text          0x0000000008000224       0x30 c:/st/stm32cubeide_1.10.1/stm32cubeide/plugins/com.st.stm32cube.ide.mcu.externaltools.gnu-tools-for-stm32.10.3-2021.10.win32_1.0.0.202111181127/tools/bin/../lib/gcc/arm-none-eabi/10.3.1/thumb/v7-m/nofp\libgcc.a(_aeabi_uldivmod.o)
                0x0000000008000224                __aeabi_uldivmod
 .text          0x0000000008000254      0x2d4 c:/st/stm32cubeide_1.10.1/stm32cubeide/plugins/com.st.stm32cube.ide.mcu.externaltools.gnu-tools-for-stm32.10.3-2021.10.win32_1.0.0.202111181127/tools/bin/../lib/gcc/arm-none-eabi/10.3.1/thumb/v7-m/nofp\libgcc.a(_udivmoddi4.o)
                0x0000000008000254                __udivmoddi4
 .text          0x0000000008000528        0x4 c:/st/stm32cubeide_1.10.1/stm32cubeide/plugins/com.st.stm32cube.ide.mcu.externaltools.gnu-tools-for-stm32.10.3-2021.10.win32_1.0.0.202111181127/tools/bin/../lib/gcc/arm-none-eabi/10.3.1/thumb/v7-m/nofp\libgcc.a(_dvmd_tls.o)
                0x0000000008000528                __aeabi_idiv0
                0x0000000008000528                __aeabi_ldiv0
 *(.text*)
 .text.TimerApplicationInit
                0x000000000800052c       0x1c ./Core/InterruptHandler/TimerInt.o
                0x000000000800052c                TimerApplicationInit
 .text.HAL_TIM_PeriodElapsedCallback
                0x0000000008000548       0xc4 ./Core/InterruptHandler/TimerInt.o
                0x0000000008000548                HAL_TIM_PeriodElapsedCallback
 .text.InputOutputTest
                0x000000000800060c       0x28 ./Core/InterruptHandler/TimerInt.o
                0x000000000800060c                InputOutputTest
 .text.InputOutputTest1
                0x0000000008000634       0x2c ./Core/InterruptHandler/TimerInt.o
                0x0000000008000634                InputOutputTest1
 .text.HAL_UARTEx_RxEventCallback
                0x0000000008000660       0x88 ./Core/Src/app/common/uart_handler.o
                0x0000000008000660                HAL_UARTEx_RxEventCallback
 .text.gdc_businesslogic
                0x00000000080006e8      0x300 ./Core/Src/app/logic/ace_businesslogic.o
                0x00000000080006e8                gdc_businesslogic
 .text.ModbusFrame
                0x00000000080009e8      0x188 ./Core/Src/app/modbus/uart_communication_app.o
                0x00000000080009e8                ModbusFrame
 .text.ASCChecksum
                0x0000000008000b70       0x70 ./Core/Src/app/modbus/uart_communication_app.o
                0x0000000008000b70                ASCChecksum
 .text.ModbusInit
                0x0000000008000be0       0x1c ./Core/Src/app/modbus/uart_communication_app.o
                0x0000000008000be0                ModbusInit
 .text.Dwin_Rx_Decoder
                0x0000000008000bfc       0x20 ./Core/Src/app/modbus/uart_communication_app.o
                0x0000000008000bfc                Dwin_Rx_Decoder
 .text.main     0x0000000008000c1c       0x90 ./Core/Src/main.o
                0x0000000008000c1c                main
 .text.SystemClock_Config
                0x0000000008000cac       0xa8 ./Core/Src/main.o
                0x0000000008000cac                SystemClock_Config
 .text.MX_SPI1_Init
                0x0000000008000d54       0x6c ./Core/Src/main.o
 .text.MX_TIM2_Init
                0x0000000008000dc0       0x98 ./Core/Src/main.o
 .text.MX_TIM3_Init
                0x0000000008000e58       0x9c ./Core/Src/main.o
 .text.MX_USART1_UART_Init
                0x0000000008000ef4       0x54 ./Core/Src/main.o
 .text.MX_GPIO_Init
                0x0000000008000f48      0x1b0 ./Core/Src/main.o
 .text.Error_Handler
                0x00000000080010f8        0xa ./Core/Src/main.o
                0x00000000080010f8                Error_Handler
 *fill*         0x0000000008001102        0x2 
 .text.HAL_MspInit
                0x0000000008001104       0x5c ./Core/Src/stm32f1xx_hal_msp.o
                0x0000000008001104                HAL_MspInit
 .text.HAL_SPI_MspInit
                0x0000000008001160       0x94 ./Core/Src/stm32f1xx_hal_msp.o
                0x0000000008001160                HAL_SPI_MspInit
 .text.HAL_TIM_Base_MspInit
                0x00000000080011f4       0x80 ./Core/Src/stm32f1xx_hal_msp.o
                0x00000000080011f4                HAL_TIM_Base_MspInit
 .text.HAL_UART_MspInit
                0x0000000008001274       0xc4 ./Core/Src/stm32f1xx_hal_msp.o
                0x0000000008001274                HAL_UART_MspInit
 .text.NMI_Handler
                0x0000000008001338        0x6 ./Core/Src/stm32f1xx_it.o
                0x0000000008001338                NMI_Handler
 .text.HardFault_Handler
                0x000000000800133e        0x6 ./Core/Src/stm32f1xx_it.o
                0x000000000800133e                HardFault_Handler
 .text.MemManage_Handler
                0x0000000008001344        0x6 ./Core/Src/stm32f1xx_it.o
                0x0000000008001344                MemManage_Handler
 .text.BusFault_Handler
                0x000000000800134a        0x6 ./Core/Src/stm32f1xx_it.o
                0x000000000800134a                BusFault_Handler
 .text.UsageFault_Handler
                0x0000000008001350        0x6 ./Core/Src/stm32f1xx_it.o
                0x0000000008001350                UsageFault_Handler
 .text.SVC_Handler
                0x0000000008001356        0xc ./Core/Src/stm32f1xx_it.o
                0x0000000008001356                SVC_Handler
 .text.DebugMon_Handler
                0x0000000008001362        0xc ./Core/Src/stm32f1xx_it.o
                0x0000000008001362                DebugMon_Handler
 .text.PendSV_Handler
                0x000000000800136e        0xc ./Core/Src/stm32f1xx_it.o
                0x000000000800136e                PendSV_Handler
 .text.SysTick_Handler
                0x000000000800137a        0xc ./Core/Src/stm32f1xx_it.o
                0x000000000800137a                SysTick_Handler
 *fill*         0x0000000008001386        0x2 
 .text.TIM2_IRQHandler
                0x0000000008001388       0x14 ./Core/Src/stm32f1xx_it.o
                0x0000000008001388                TIM2_IRQHandler
 .text.TIM3_IRQHandler
                0x000000000800139c       0x14 ./Core/Src/stm32f1xx_it.o
                0x000000000800139c                TIM3_IRQHandler
 .text.USART1_IRQHandler
                0x00000000080013b0       0x14 ./Core/Src/stm32f1xx_it.o
                0x00000000080013b0                USART1_IRQHandler
 .text.SystemInit
                0x00000000080013c4        0xc ./Core/Src/system_stm32f1xx.o
                0x00000000080013c4                SystemInit
 .text.Reset_Handler
                0x00000000080013d0       0x48 ./Core/Startup/startup_stm32f107vctx.o
                0x00000000080013d0                Reset_Handler
 .text.Default_Handler
                0x0000000008001418        0x2 ./Core/Startup/startup_stm32f107vctx.o
                0x0000000008001418                RTC_Alarm_IRQHandler
                0x0000000008001418                EXTI2_IRQHandler
                0x0000000008001418                TIM1_CC_IRQHandler
                0x0000000008001418                TIM6_IRQHandler
                0x0000000008001418                PVD_IRQHandler
                0x0000000008001418                CAN2_RX1_IRQHandler
                0x0000000008001418                EXTI3_IRQHandler
                0x0000000008001418                EXTI0_IRQHandler
                0x0000000008001418                I2C2_EV_IRQHandler
                0x0000000008001418                CAN1_RX0_IRQHandler
                0x0000000008001418                CAN2_SCE_IRQHandler
                0x0000000008001418                ADC1_2_IRQHandler
                0x0000000008001418                SPI1_IRQHandler
                0x0000000008001418                TAMPER_IRQHandler
                0x0000000008001418                CAN2_RX0_IRQHandler
                0x0000000008001418                DMA2_Channel2_IRQHandler
                0x0000000008001418                DMA1_Channel4_IRQHandler
                0x0000000008001418                USART3_IRQHandler
                0x0000000008001418                RTC_IRQHandler
                0x0000000008001418                DMA1_Channel7_IRQHandler
                0x0000000008001418                CAN1_RX1_IRQHandler
                0x0000000008001418                UART5_IRQHandler
                0x0000000008001418                TIM4_IRQHandler
                0x0000000008001418                DMA2_Channel1_IRQHandler
                0x0000000008001418                I2C1_EV_IRQHandler
                0x0000000008001418                DMA1_Channel6_IRQHandler
                0x0000000008001418                UART4_IRQHandler
                0x0000000008001418                DMA2_Channel4_IRQHandler
                0x0000000008001418                RCC_IRQHandler
                0x0000000008001418                TIM1_TRG_COM_IRQHandler
                0x0000000008001418                DMA1_Channel1_IRQHandler
                0x0000000008001418                Default_Handler
                0x0000000008001418                EXTI15_10_IRQHandler
                0x0000000008001418                TIM7_IRQHandler
                0x0000000008001418                CAN2_TX_IRQHandler
                0x0000000008001418                TIM5_IRQHandler
                0x0000000008001418                EXTI9_5_IRQHandler
                0x0000000008001418                ETH_WKUP_IRQHandler
                0x0000000008001418                SPI2_IRQHandler
                0x0000000008001418                CAN1_TX_IRQHandler
                0x0000000008001418                DMA2_Channel5_IRQHandler
                0x0000000008001418                DMA1_Channel5_IRQHandler
                0x0000000008001418                EXTI4_IRQHandler
                0x0000000008001418                DMA1_Channel3_IRQHandler
                0x0000000008001418                ETH_IRQHandler
                0x0000000008001418                TIM1_UP_IRQHandler
                0x0000000008001418                WWDG_IRQHandler
                0x0000000008001418                OTG_FS_WKUP_IRQHandler
                0x0000000008001418                TIM1_BRK_IRQHandler
                0x0000000008001418                EXTI1_IRQHandler
                0x0000000008001418                USART2_IRQHandler
                0x0000000008001418                I2C2_ER_IRQHandler
                0x0000000008001418                DMA1_Channel2_IRQHandler
                0x0000000008001418                CAN1_SCE_IRQHandler
                0x0000000008001418                FLASH_IRQHandler
                0x0000000008001418                OTG_FS_IRQHandler
                0x0000000008001418                SPI3_IRQHandler
                0x0000000008001418                I2C1_ER_IRQHandler
                0x0000000008001418                DMA2_Channel3_IRQHandler
 *fill*         0x000000000800141a        0x2 
 .text.W25qxx_Spi
                0x000000000800141c       0x2c ./Core/wq5264/w25qxx.o
                0x000000000800141c                W25qxx_Spi
 .text.W25qxx_ReadID
                0x0000000008001448       0x6c ./Core/wq5264/w25qxx.o
                0x0000000008001448                W25qxx_ReadID
 .text.W25qxx_ReadUniqID
                0x00000000080014b4       0x6c ./Core/wq5264/w25qxx.o
                0x00000000080014b4                W25qxx_ReadUniqID
 .text.W25qxx_WriteEnable
                0x0000000008001520       0x2c ./Core/wq5264/w25qxx.o
                0x0000000008001520                W25qxx_WriteEnable
 .text.W25qxx_ReadStatusRegister
                0x000000000800154c       0x8c ./Core/wq5264/w25qxx.o
                0x000000000800154c                W25qxx_ReadStatusRegister
 .text.W25qxx_WaitForWriteEnd
                0x00000000080015d8       0x54 ./Core/wq5264/w25qxx.o
                0x00000000080015d8                W25qxx_WaitForWriteEnd
 .text.W25qxx_Init
                0x000000000800162c      0x1a4 ./Core/wq5264/w25qxx.o
                0x000000000800162c                W25qxx_Init
 .text.W25qxx_EraseSector
                0x00000000080017d0       0xb0 ./Core/wq5264/w25qxx.o
                0x00000000080017d0                W25qxx_EraseSector
 .text.W25qxx_SectorToPage
                0x0000000008001880       0x28 ./Core/wq5264/w25qxx.o
                0x0000000008001880                W25qxx_SectorToPage
 .text.W25qxx_WritePage
                0x00000000080018a8      0x108 ./Core/wq5264/w25qxx.o
                0x00000000080018a8                W25qxx_WritePage
 .text.W25qxx_WriteSector
                0x00000000080019b0       0xc4 ./Core/wq5264/w25qxx.o
                0x00000000080019b0                W25qxx_WriteSector
 .text.W25qxx_ReadPage
                0x0000000008001a74       0xfc ./Core/wq5264/w25qxx.o
                0x0000000008001a74                W25qxx_ReadPage
 .text.W25qxx_ReadSector
                0x0000000008001b70       0xc4 ./Core/wq5264/w25qxx.o
                0x0000000008001b70                W25qxx_ReadSector
 .text.HAL_Init
                0x0000000008001c34       0x2c ./Drivers/STM32F1xx_HAL_Driver/Src/stm32f1xx_hal.o
                0x0000000008001c34                HAL_Init
 .text.HAL_InitTick
                0x0000000008001c60       0x60 ./Drivers/STM32F1xx_HAL_Driver/Src/stm32f1xx_hal.o
                0x0000000008001c60                HAL_InitTick
 .text.HAL_IncTick
                0x0000000008001cc0       0x24 ./Drivers/STM32F1xx_HAL_Driver/Src/stm32f1xx_hal.o
                0x0000000008001cc0                HAL_IncTick
 .text.HAL_GetTick
                0x0000000008001ce4       0x14 ./Drivers/STM32F1xx_HAL_Driver/Src/stm32f1xx_hal.o
                0x0000000008001ce4                HAL_GetTick
 .text.HAL_Delay
                0x0000000008001cf8       0x48 ./Drivers/STM32F1xx_HAL_Driver/Src/stm32f1xx_hal.o
                0x0000000008001cf8                HAL_Delay
 .text.__NVIC_SetPriorityGrouping
                0x0000000008001d40       0x48 ./Drivers/STM32F1xx_HAL_Driver/Src/stm32f1xx_hal_cortex.o
 .text.__NVIC_GetPriorityGrouping
                0x0000000008001d88       0x1c ./Drivers/STM32F1xx_HAL_Driver/Src/stm32f1xx_hal_cortex.o
 .text.__NVIC_EnableIRQ
                0x0000000008001da4       0x38 ./Drivers/STM32F1xx_HAL_Driver/Src/stm32f1xx_hal_cortex.o
 .text.__NVIC_SetPriority
                0x0000000008001ddc       0x54 ./Drivers/STM32F1xx_HAL_Driver/Src/stm32f1xx_hal_cortex.o
 .text.NVIC_EncodePriority
                0x0000000008001e30       0x64 ./Drivers/STM32F1xx_HAL_Driver/Src/stm32f1xx_hal_cortex.o
 .text.SysTick_Config
                0x0000000008001e94       0x44 ./Drivers/STM32F1xx_HAL_Driver/Src/stm32f1xx_hal_cortex.o
 .text.HAL_NVIC_SetPriorityGrouping
                0x0000000008001ed8       0x16 ./Drivers/STM32F1xx_HAL_Driver/Src/stm32f1xx_hal_cortex.o
                0x0000000008001ed8                HAL_NVIC_SetPriorityGrouping
 .text.HAL_NVIC_SetPriority
                0x0000000008001eee       0x38 ./Drivers/STM32F1xx_HAL_Driver/Src/stm32f1xx_hal_cortex.o
                0x0000000008001eee                HAL_NVIC_SetPriority
 .text.HAL_NVIC_EnableIRQ
                0x0000000008001f26       0x1c ./Drivers/STM32F1xx_HAL_Driver/Src/stm32f1xx_hal_cortex.o
                0x0000000008001f26                HAL_NVIC_EnableIRQ
 .text.HAL_SYSTICK_Config
                0x0000000008001f42       0x18 ./Drivers/STM32F1xx_HAL_Driver/Src/stm32f1xx_hal_cortex.o
                0x0000000008001f42                HAL_SYSTICK_Config
 .text.HAL_DMA_Abort
                0x0000000008001f5a       0x76 ./Drivers/STM32F1xx_HAL_Driver/Src/stm32f1xx_hal_dma.o
                0x0000000008001f5a                HAL_DMA_Abort
 .text.HAL_DMA_Abort_IT
                0x0000000008001fd0      0x210 ./Drivers/STM32F1xx_HAL_Driver/Src/stm32f1xx_hal_dma.o
                0x0000000008001fd0                HAL_DMA_Abort_IT
 .text.HAL_GPIO_Init
                0x00000000080021e0      0x308 ./Drivers/STM32F1xx_HAL_Driver/Src/stm32f1xx_hal_gpio.o
                0x00000000080021e0                HAL_GPIO_Init
 .text.HAL_GPIO_ReadPin
                0x00000000080024e8       0x2e ./Drivers/STM32F1xx_HAL_Driver/Src/stm32f1xx_hal_gpio.o
                0x00000000080024e8                HAL_GPIO_ReadPin
 .text.HAL_GPIO_WritePin
                0x0000000008002516       0x30 ./Drivers/STM32F1xx_HAL_Driver/Src/stm32f1xx_hal_gpio.o
                0x0000000008002516                HAL_GPIO_WritePin
 *fill*         0x0000000008002546        0x2 
 .text.HAL_RCC_OscConfig
                0x0000000008002548      0x62c ./Drivers/STM32F1xx_HAL_Driver/Src/stm32f1xx_hal_rcc.o
                0x0000000008002548                HAL_RCC_OscConfig
 .text.HAL_RCC_ClockConfig
                0x0000000008002b74      0x1d4 ./Drivers/STM32F1xx_HAL_Driver/Src/stm32f1xx_hal_rcc.o
                0x0000000008002b74                HAL_RCC_ClockConfig
 .text.HAL_RCC_GetSysClockFreq
                0x0000000008002d48      0x1e8 ./Drivers/STM32F1xx_HAL_Driver/Src/stm32f1xx_hal_rcc.o
                0x0000000008002d48                HAL_RCC_GetSysClockFreq
 .text.HAL_RCC_GetHCLKFreq
                0x0000000008002f30       0x14 ./Drivers/STM32F1xx_HAL_Driver/Src/stm32f1xx_hal_rcc.o
                0x0000000008002f30                HAL_RCC_GetHCLKFreq
 .text.HAL_RCC_GetPCLK1Freq
                0x0000000008002f44       0x28 ./Drivers/STM32F1xx_HAL_Driver/Src/stm32f1xx_hal_rcc.o
                0x0000000008002f44                HAL_RCC_GetPCLK1Freq
 .text.HAL_RCC_GetPCLK2Freq
                0x0000000008002f6c       0x28 ./Drivers/STM32F1xx_HAL_Driver/Src/stm32f1xx_hal_rcc.o
                0x0000000008002f6c                HAL_RCC_GetPCLK2Freq
 .text.RCC_Delay
                0x0000000008002f94       0x3c ./Drivers/STM32F1xx_HAL_Driver/Src/stm32f1xx_hal_rcc.o
 .text.HAL_SPI_Init
                0x0000000008002fd0      0x108 ./Drivers/STM32F1xx_HAL_Driver/Src/stm32f1xx_hal_spi.o
                0x0000000008002fd0                HAL_SPI_Init
 .text.HAL_SPI_Transmit
                0x00000000080030d8      0x286 ./Drivers/STM32F1xx_HAL_Driver/Src/stm32f1xx_hal_spi.o
                0x00000000080030d8                HAL_SPI_Transmit
 .text.HAL_SPI_Receive
                0x000000000800335e      0x230 ./Drivers/STM32F1xx_HAL_Driver/Src/stm32f1xx_hal_spi.o
                0x000000000800335e                HAL_SPI_Receive
 .text.HAL_SPI_TransmitReceive
                0x000000000800358e      0x360 ./Drivers/STM32F1xx_HAL_Driver/Src/stm32f1xx_hal_spi.o
                0x000000000800358e                HAL_SPI_TransmitReceive
 *fill*         0x00000000080038ee        0x2 
 .text.SPI_WaitFlagStateUntilTimeout
                0x00000000080038f0      0x110 ./Drivers/STM32F1xx_HAL_Driver/Src/stm32f1xx_hal_spi.o
 .text.SPI_EndRxTransaction
                0x0000000008003a00       0xa4 ./Drivers/STM32F1xx_HAL_Driver/Src/stm32f1xx_hal_spi.o
 .text.SPI_EndRxTxTransaction
                0x0000000008003aa4       0x3c ./Drivers/STM32F1xx_HAL_Driver/Src/stm32f1xx_hal_spi.o
 .text.HAL_TIM_Base_Init
                0x0000000008003ae0       0x9e ./Drivers/STM32F1xx_HAL_Driver/Src/stm32f1xx_hal_tim.o
                0x0000000008003ae0                HAL_TIM_Base_Init
 *fill*         0x0000000008003b7e        0x2 
 .text.HAL_TIM_Base_Start_IT
                0x0000000008003b80       0xb4 ./Drivers/STM32F1xx_HAL_Driver/Src/stm32f1xx_hal_tim.o
                0x0000000008003b80                HAL_TIM_Base_Start_IT
 .text.HAL_TIM_IRQHandler
                0x0000000008003c34      0x210 ./Drivers/STM32F1xx_HAL_Driver/Src/stm32f1xx_hal_tim.o
                0x0000000008003c34                HAL_TIM_IRQHandler
 .text.HAL_TIM_ConfigClockSource
                0x0000000008003e44      0x18e ./Drivers/STM32F1xx_HAL_Driver/Src/stm32f1xx_hal_tim.o
                0x0000000008003e44                HAL_TIM_ConfigClockSource
 .text.HAL_TIM_OC_DelayElapsedCallback
                0x0000000008003fd2       0x12 ./Drivers/STM32F1xx_HAL_Driver/Src/stm32f1xx_hal_tim.o
                0x0000000008003fd2                HAL_TIM_OC_DelayElapsedCallback
 .text.HAL_TIM_IC_CaptureCallback
                0x0000000008003fe4       0x12 ./Drivers/STM32F1xx_HAL_Driver/Src/stm32f1xx_hal_tim.o
                0x0000000008003fe4                HAL_TIM_IC_CaptureCallback
 .text.HAL_TIM_PWM_PulseFinishedCallback
                0x0000000008003ff6       0x12 ./Drivers/STM32F1xx_HAL_Driver/Src/stm32f1xx_hal_tim.o
                0x0000000008003ff6                HAL_TIM_PWM_PulseFinishedCallback
 .text.HAL_TIM_TriggerCallback
                0x0000000008004008       0x12 ./Drivers/STM32F1xx_HAL_Driver/Src/stm32f1xx_hal_tim.o
                0x0000000008004008                HAL_TIM_TriggerCallback
 *fill*         0x000000000800401a        0x2 
 .text.TIM_Base_SetConfig
                0x000000000800401c       0xd8 ./Drivers/STM32F1xx_HAL_Driver/Src/stm32f1xx_hal_tim.o
                0x000000000800401c                TIM_Base_SetConfig
 .text.TIM_TI1_ConfigInputStage
                0x00000000080040f4       0x5c ./Drivers/STM32F1xx_HAL_Driver/Src/stm32f1xx_hal_tim.o
 .text.TIM_TI2_ConfigInputStage
                0x0000000008004150       0x5e ./Drivers/STM32F1xx_HAL_Driver/Src/stm32f1xx_hal_tim.o
 .text.TIM_ITRx_SetConfig
                0x00000000080041ae       0x34 ./Drivers/STM32F1xx_HAL_Driver/Src/stm32f1xx_hal_tim.o
 .text.TIM_ETR_SetConfig
                0x00000000080041e2       0x3e ./Drivers/STM32F1xx_HAL_Driver/Src/stm32f1xx_hal_tim.o
                0x00000000080041e2                TIM_ETR_SetConfig
 .text.HAL_TIMEx_MasterConfigSynchronization
                0x0000000008004220       0xcc ./Drivers/STM32F1xx_HAL_Driver/Src/stm32f1xx_hal_tim_ex.o
                0x0000000008004220                HAL_TIMEx_MasterConfigSynchronization
 .text.HAL_TIMEx_CommutCallback
                0x00000000080042ec       0x12 ./Drivers/STM32F1xx_HAL_Driver/Src/stm32f1xx_hal_tim_ex.o
                0x00000000080042ec                HAL_TIMEx_CommutCallback
 .text.HAL_TIMEx_BreakCallback
                0x00000000080042fe       0x12 ./Drivers/STM32F1xx_HAL_Driver/Src/stm32f1xx_hal_tim_ex.o
                0x00000000080042fe                HAL_TIMEx_BreakCallback
 .text.HAL_UART_Init
                0x0000000008004310       0xa0 ./Drivers/STM32F1xx_HAL_Driver/Src/stm32f1xx_hal_uart.o
                0x0000000008004310                HAL_UART_Init
 .text.HAL_UART_Transmit_IT
                0x00000000080043b0       0x6a ./Drivers/STM32F1xx_HAL_Driver/Src/stm32f1xx_hal_uart.o
                0x00000000080043b0                HAL_UART_Transmit_IT
 .text.HAL_UARTEx_ReceiveToIdle_IT
                0x000000000800441a       0xba ./Drivers/STM32F1xx_HAL_Driver/Src/stm32f1xx_hal_uart.o
                0x000000000800441a                HAL_UARTEx_ReceiveToIdle_IT
 .text.HAL_UART_IRQHandler
                0x00000000080044d4      0x524 ./Drivers/STM32F1xx_HAL_Driver/Src/stm32f1xx_hal_uart.o
                0x00000000080044d4                HAL_UART_IRQHandler
 .text.HAL_UART_TxCpltCallback
                0x00000000080049f8       0x12 ./Drivers/STM32F1xx_HAL_Driver/Src/stm32f1xx_hal_uart.o
                0x00000000080049f8                HAL_UART_TxCpltCallback
 .text.HAL_UART_RxCpltCallback
                0x0000000008004a0a       0x12 ./Drivers/STM32F1xx_HAL_Driver/Src/stm32f1xx_hal_uart.o
                0x0000000008004a0a                HAL_UART_RxCpltCallback
 .text.HAL_UART_ErrorCallback
                0x0000000008004a1c       0x12 ./Drivers/STM32F1xx_HAL_Driver/Src/stm32f1xx_hal_uart.o
                0x0000000008004a1c                HAL_UART_ErrorCallback
 .text.UART_Start_Receive_IT
                0x0000000008004a2e       0x72 ./Drivers/STM32F1xx_HAL_Driver/Src/stm32f1xx_hal_uart.o
                0x0000000008004a2e                UART_Start_Receive_IT
 .text.UART_EndRxTransfer
                0x0000000008004aa0       0xc4 ./Drivers/STM32F1xx_HAL_Driver/Src/stm32f1xx_hal_uart.o
 .text.UART_DMAAbortOnError
                0x0000000008004b64       0x28 ./Drivers/STM32F1xx_HAL_Driver/Src/stm32f1xx_hal_uart.o
 .text.UART_Transmit_IT
                0x0000000008004b8c       0x9e ./Drivers/STM32F1xx_HAL_Driver/Src/stm32f1xx_hal_uart.o
 .text.UART_EndTransmit_IT
                0x0000000008004c2a       0x30 ./Drivers/STM32F1xx_HAL_Driver/Src/stm32f1xx_hal_uart.o
 .text.UART_Receive_IT
                0x0000000008004c5a      0x17c ./Drivers/STM32F1xx_HAL_Driver/Src/stm32f1xx_hal_uart.o
 *fill*         0x0000000008004dd6        0x2 
 .text.UART_SetConfig
                0x0000000008004dd8      0x11c ./Drivers/STM32F1xx_HAL_Driver/Src/stm32f1xx_hal_uart.o
 .text.__libc_init_array
                0x0000000008004ef4       0x48 c:/st/stm32cubeide_1.10.1/stm32cubeide/plugins/com.st.stm32cube.ide.mcu.externaltools.gnu-tools-for-stm32.10.3-2021.10.win32_1.0.0.202111181127/tools/bin/../lib/gcc/arm-none-eabi/10.3.1/../../../../arm-none-eabi/lib/thumb/v7-m/nofp\libc_nano.a(lib_a-init.o)
                0x0000000008004ef4                __libc_init_array
 .text.memset   0x0000000008004f3c       0x10 c:/st/stm32cubeide_1.10.1/stm32cubeide/plugins/com.st.stm32cube.ide.mcu.externaltools.gnu-tools-for-stm32.10.3-2021.10.win32_1.0.0.202111181127/tools/bin/../lib/gcc/arm-none-eabi/10.3.1/../../../../arm-none-eabi/lib/thumb/v7-m/nofp\libc_nano.a(lib_a-memset.o)
                0x0000000008004f3c                memset
 *(.glue_7)
 .glue_7        0x0000000008004f4c        0x0 linker stubs
 *(.glue_7t)
 .glue_7t       0x0000000008004f4c        0x0 linker stubs
 *(.eh_frame)
 .eh_frame      0x0000000008004f4c        0x0 c:/st/stm32cubeide_1.10.1/stm32cubeide/plugins/com.st.stm32cube.ide.mcu.externaltools.gnu-tools-for-stm32.10.3-2021.10.win32_1.0.0.202111181127/tools/bin/../lib/gcc/arm-none-eabi/10.3.1/thumb/v7-m/nofp/crtbegin.o
 *(.init)
 .init          0x0000000008004f4c        0x4 c:/st/stm32cubeide_1.10.1/stm32cubeide/plugins/com.st.stm32cube.ide.mcu.externaltools.gnu-tools-for-stm32.10.3-2021.10.win32_1.0.0.202111181127/tools/bin/../lib/gcc/arm-none-eabi/10.3.1/thumb/v7-m/nofp/crti.o
                0x0000000008004f4c                _init
 .init          0x0000000008004f50        0x8 c:/st/stm32cubeide_1.10.1/stm32cubeide/plugins/com.st.stm32cube.ide.mcu.externaltools.gnu-tools-for-stm32.10.3-2021.10.win32_1.0.0.202111181127/tools/bin/../lib/gcc/arm-none-eabi/10.3.1/thumb/v7-m/nofp/crtn.o
 *(.fini)
 .fini          0x0000000008004f58        0x4 c:/st/stm32cubeide_1.10.1/stm32cubeide/plugins/com.st.stm32cube.ide.mcu.externaltools.gnu-tools-for-stm32.10.3-2021.10.win32_1.0.0.202111181127/tools/bin/../lib/gcc/arm-none-eabi/10.3.1/thumb/v7-m/nofp/crti.o
                0x0000000008004f58                _fini
 .fini          0x0000000008004f5c        0x8 c:/st/stm32cubeide_1.10.1/stm32cubeide/plugins/com.st.stm32cube.ide.mcu.externaltools.gnu-tools-for-stm32.10.3-2021.10.win32_1.0.0.202111181127/tools/bin/../lib/gcc/arm-none-eabi/10.3.1/thumb/v7-m/nofp/crtn.o
                0x0000000008004f64                . = ALIGN (0x4)
                0x0000000008004f64                _etext = .

.vfp11_veneer   0x0000000008004f64        0x0
 .vfp11_veneer  0x0000000008004f64        0x0 linker stubs

.v4_bx          0x0000000008004f64        0x0
 .v4_bx         0x0000000008004f64        0x0 linker stubs

.iplt           0x0000000008004f64        0x0
 .iplt          0x0000000008004f64        0x0 c:/st/stm32cubeide_1.10.1/stm32cubeide/plugins/com.st.stm32cube.ide.mcu.externaltools.gnu-tools-for-stm32.10.3-2021.10.win32_1.0.0.202111181127/tools/bin/../lib/gcc/arm-none-eabi/10.3.1/thumb/v7-m/nofp/crtbegin.o

.rodata         0x0000000008004f64      0x238
                0x0000000008004f64                . = ALIGN (0x4)
 *(.rodata)
 *(.rodata*)
 .rodata.CRCArrayHigh
                0x0000000008004f64      0x100 ./Core/Src/app/modbus/uart_communication_app.o
                0x0000000008004f64                CRCArrayHigh
 .rodata.CRCArrayLow
                0x0000000008005064      0x100 ./Core/Src/app/modbus/uart_communication_app.o
                0x0000000008005064                CRCArrayLow
 .rodata.AHBPrescTable
                0x0000000008005164       0x10 ./Core/Src/system_stm32f1xx.o
                0x0000000008005164                AHBPrescTable
 .rodata.APBPrescTable
                0x0000000008005174        0x8 ./Core/Src/system_stm32f1xx.o
                0x0000000008005174                APBPrescTable
 .rodata.aPLLMULFactorTable.1
                0x000000000800517c        0xe ./Drivers/STM32F1xx_HAL_Driver/Src/stm32f1xx_hal_rcc.o
 *fill*         0x000000000800518a        0x2 
 .rodata.aPredivFactorTable.0
                0x000000000800518c       0x10 ./Drivers/STM32F1xx_HAL_Driver/Src/stm32f1xx_hal_rcc.o
                0x000000000800519c                . = ALIGN (0x4)

.ARM.extab      0x000000000800519c        0x0
                0x000000000800519c                . = ALIGN (0x4)
 *(.ARM.extab* .gnu.linkonce.armextab.*)
                0x000000000800519c                . = ALIGN (0x4)

.ARM            0x000000000800519c        0x8
                0x000000000800519c                . = ALIGN (0x4)
                0x000000000800519c                __exidx_start = .
 *(.ARM.exidx*)
 .ARM.exidx     0x000000000800519c        0x8 c:/st/stm32cubeide_1.10.1/stm32cubeide/plugins/com.st.stm32cube.ide.mcu.externaltools.gnu-tools-for-stm32.10.3-2021.10.win32_1.0.0.202111181127/tools/bin/../lib/gcc/arm-none-eabi/10.3.1/thumb/v7-m/nofp\libgcc.a(_udivmoddi4.o)
                0x00000000080051a4                __exidx_end = .
                0x00000000080051a4                . = ALIGN (0x4)

.rel.dyn        0x00000000080051a4        0x0
 .rel.iplt      0x00000000080051a4        0x0 c:/st/stm32cubeide_1.10.1/stm32cubeide/plugins/com.st.stm32cube.ide.mcu.externaltools.gnu-tools-for-stm32.10.3-2021.10.win32_1.0.0.202111181127/tools/bin/../lib/gcc/arm-none-eabi/10.3.1/thumb/v7-m/nofp/crtbegin.o

.preinit_array  0x00000000080051a4        0x0
                0x00000000080051a4                . = ALIGN (0x4)
                0x00000000080051a4                PROVIDE (__preinit_array_start = .)
 *(.preinit_array*)
                0x00000000080051a4                PROVIDE (__preinit_array_end = .)
                0x00000000080051a4                . = ALIGN (0x4)

.init_array     0x00000000080051a4        0x4
                0x00000000080051a4                . = ALIGN (0x4)
                0x00000000080051a4                PROVIDE (__init_array_start = .)
 *(SORT_BY_NAME(.init_array.*))
 *(.init_array*)
 .init_array    0x00000000080051a4        0x4 c:/st/stm32cubeide_1.10.1/stm32cubeide/plugins/com.st.stm32cube.ide.mcu.externaltools.gnu-tools-for-stm32.10.3-2021.10.win32_1.0.0.202111181127/tools/bin/../lib/gcc/arm-none-eabi/10.3.1/thumb/v7-m/nofp/crtbegin.o
                0x00000000080051a8                PROVIDE (__init_array_end = .)
                0x00000000080051a8                . = ALIGN (0x4)

.fini_array     0x00000000080051a8        0x4
                0x00000000080051a8                . = ALIGN (0x4)
                [!provide]                        PROVIDE (__fini_array_start = .)
 *(SORT_BY_NAME(.fini_array.*))
 *(.fini_array*)
 .fini_array    0x00000000080051a8        0x4 c:/st/stm32cubeide_1.10.1/stm32cubeide/plugins/com.st.stm32cube.ide.mcu.externaltools.gnu-tools-for-stm32.10.3-2021.10.win32_1.0.0.202111181127/tools/bin/../lib/gcc/arm-none-eabi/10.3.1/thumb/v7-m/nofp/crtbegin.o
                [!provide]                        PROVIDE (__fini_array_end = .)
                0x00000000080051ac                . = ALIGN (0x4)
                0x00000000080051ac                _sidata = LOADADDR (.data)

.data           0x0000000020000000        0xc load address 0x00000000080051ac
                0x0000000020000000                . = ALIGN (0x4)
                0x0000000020000000                _sdata = .
 *(.data)
 *(.data*)
 .data.SystemCoreClock
                0x0000000020000000        0x4 ./Core/Src/system_stm32f1xx.o
                0x0000000020000000                SystemCoreClock
 .data.uwTickPrio
                0x0000000020000004        0x4 ./Drivers/STM32F1xx_HAL_Driver/Src/stm32f1xx_hal.o
                0x0000000020000004                uwTickPrio
 .data.uwTickFreq
                0x0000000020000008        0x1 ./Drivers/STM32F1xx_HAL_Driver/Src/stm32f1xx_hal.o
                0x0000000020000008                uwTickFreq
 *(.RamFunc)
 *(.RamFunc*)
                0x000000002000000c                . = ALIGN (0x4)
 *fill*         0x0000000020000009        0x3 
                0x000000002000000c                _edata = .

.igot.plt       0x000000002000000c        0x0 load address 0x00000000080051b8
 .igot.plt      0x000000002000000c        0x0 c:/st/stm32cubeide_1.10.1/stm32cubeide/plugins/com.st.stm32cube.ide.mcu.externaltools.gnu-tools-for-stm32.10.3-2021.10.win32_1.0.0.202111181127/tools/bin/../lib/gcc/arm-none-eabi/10.3.1/thumb/v7-m/nofp/crtbegin.o
                0x000000002000000c                . = ALIGN (0x4)

.bss            0x000000002000000c      0x230 load address 0x00000000080051b8
                0x000000002000000c                _sbss = .
                0x000000002000000c                __bss_start__ = _sbss
 *(.bss)
 .bss           0x000000002000000c       0x1c c:/st/stm32cubeide_1.10.1/stm32cubeide/plugins/com.st.stm32cube.ide.mcu.externaltools.gnu-tools-for-stm32.10.3-2021.10.win32_1.0.0.202111181127/tools/bin/../lib/gcc/arm-none-eabi/10.3.1/thumb/v7-m/nofp/crtbegin.o
 *(.bss*)
 .bss.Count5ms  0x0000000020000028        0x1 ./Core/InterruptHandler/TimerInt.o
 .bss.Count1Sec
                0x0000000020000029        0x1 ./Core/InterruptHandler/TimerInt.o
                0x0000000020000029                Count1Sec
 .bss.CycleStart_Switch
                0x000000002000002a        0x1 ./Core/InterruptHandler/TimerInt.o
                0x000000002000002a                CycleStart_Switch
 .bss.Count20ms
                0x000000002000002b        0x1 ./Core/InterruptHandler/TimerInt.o
                0x000000002000002b                Count20ms
 .bss.Flag1Sec  0x000000002000002c        0x1 ./Core/InterruptHandler/TimerInt.o
                0x000000002000002c                Flag1Sec
 .bss.Flag200ms
                0x000000002000002d        0x1 ./Core/InterruptHandler/TimerInt.o
                0x000000002000002d                Flag200ms
 .bss.Flag5msTM2
                0x000000002000002e        0x1 ./Core/InterruptHandler/TimerInt.o
                0x000000002000002e                Flag5msTM2
 .bss.dwin_scan
                0x000000002000002f        0x1 ./Core/Src/app/common/uart_handler.o
                0x000000002000002f                dwin_scan
 .bss.dwin_rx_multipledata
                0x0000000020000030       0x28 ./Core/Src/app/common/uart_handler.o
                0x0000000020000030                dwin_rx_multipledata
 .bss.dwin_rx_multipledata_completed
                0x0000000020000058        0x1 ./Core/Src/app/common/uart_handler.o
                0x0000000020000058                dwin_rx_multipledata_completed
 *fill*         0x0000000020000059        0x3 
 .bss.input     0x000000002000005c        0xf ./Core/Src/app/logic/ace_businesslogic.o
                0x000000002000005c                input
 *fill*         0x000000002000006b        0x1 
 .bss.Inputs_Status
                0x000000002000006c        0x2 ./Core/Src/app/logic/ace_businesslogic.o
                0x000000002000006c                Inputs_Status
 *fill*         0x000000002000006e        0x2 
 .bss.bufftx    0x0000000020000070       0x1e ./Core/Src/app/modbus/uart_communication_app.o
                0x0000000020000070                bufftx
 .bss.Config    0x000000002000008e        0x1 ./Core/Src/app/modbus/uart_communication_app.o
                0x000000002000008e                Config
 *fill*         0x000000002000008f        0x1 
 .bss.CRC_value
                0x0000000020000090        0x2 ./Core/Src/app/modbus/uart_communication_app.o
                0x0000000020000090                CRC_value
 .bss.Production
                0x0000000020000092        0x2 ./Core/Src/app/modbus/uart_communication_app.o
                0x0000000020000092                Production
 .bss.DWINRxData
                0x0000000020000094       0x40 ./Core/Src/app/modbus/uart_communication_app.o
                0x0000000020000094                DWINRxData
 .bss.hspi1     0x00000000200000d4       0x58 ./Core/Src/main.o
                0x00000000200000d4                hspi1
 .bss.htim2     0x000000002000012c       0x48 ./Core/Src/main.o
                0x000000002000012c                htim2
 .bss.htim3     0x0000000020000174       0x48 ./Core/Src/main.o
                0x0000000020000174                htim3
 .bss.huart1    0x00000000200001bc       0x48 ./Core/Src/main.o
                0x00000000200001bc                huart1
 .bss.writeFlashBuf
                0x0000000020000204        0xa ./Core/Src/main.o
                0x0000000020000204                writeFlashBuf
 *fill*         0x000000002000020e        0x2 
 .bss.w25qxx    0x0000000020000210       0x28 ./Core/wq5264/w25qxx.o
                0x0000000020000210                w25qxx
 .bss.uwTick    0x0000000020000238        0x4 ./Drivers/STM32F1xx_HAL_Driver/Src/stm32f1xx_hal.o
                0x0000000020000238                uwTick
 *(COMMON)
                0x000000002000023c                . = ALIGN (0x4)
                0x000000002000023c                _ebss = .
                0x000000002000023c                __bss_end__ = _ebss

._user_heap_stack
                0x000000002000023c      0x604 load address 0x00000000080051b8
                0x0000000020000240                . = ALIGN (0x8)
 *fill*         0x000000002000023c        0x4 
                [!provide]                        PROVIDE (end = .)
                0x0000000020000240                PROVIDE (_end = .)
                0x0000000020000440                . = (. + _Min_Heap_Size)
 *fill*         0x0000000020000240      0x200 
                0x0000000020000840                . = (. + _Min_Stack_Size)
 *fill*         0x0000000020000440      0x400 
                0x0000000020000840                . = ALIGN (0x8)

/DISCARD/
 libc.a(*)
 libm.a(*)
 libgcc.a(*)

.ARM.attributes
                0x0000000000000000       0x29
 *(.ARM.attributes)
 .ARM.attributes
                0x0000000000000000       0x1d c:/st/stm32cubeide_1.10.1/stm32cubeide/plugins/com.st.stm32cube.ide.mcu.externaltools.gnu-tools-for-stm32.10.3-2021.10.win32_1.0.0.202111181127/tools/bin/../lib/gcc/arm-none-eabi/10.3.1/thumb/v7-m/nofp/crti.o
 .ARM.attributes
                0x000000000000001d       0x2d c:/st/stm32cubeide_1.10.1/stm32cubeide/plugins/com.st.stm32cube.ide.mcu.externaltools.gnu-tools-for-stm32.10.3-2021.10.win32_1.0.0.202111181127/tools/bin/../lib/gcc/arm-none-eabi/10.3.1/thumb/v7-m/nofp/crtbegin.o
 .ARM.attributes
                0x000000000000004a       0x2d ./Core/InterruptHandler/TimerInt.o
 .ARM.attributes
                0x0000000000000077       0x2d ./Core/Src/app/common/uart_handler.o
 .ARM.attributes
                0x00000000000000a4       0x2d ./Core/Src/app/logic/ace_businesslogic.o
 .ARM.attributes
                0x00000000000000d1       0x2d ./Core/Src/app/modbus/uart_communication_app.o
 .ARM.attributes
                0x00000000000000fe       0x2d ./Core/Src/main.o
 .ARM.attributes
                0x000000000000012b       0x2d ./Core/Src/stm32f1xx_hal_msp.o
 .ARM.attributes
                0x0000000000000158       0x2d ./Core/Src/stm32f1xx_it.o
 .ARM.attributes
                0x0000000000000185       0x2d ./Core/Src/system_stm32f1xx.o
 .ARM.attributes
                0x00000000000001b2       0x21 ./Core/Startup/startup_stm32f107vctx.o
 .ARM.attributes
                0x00000000000001d3       0x2d ./Core/wq5264/w25qxx.o
 .ARM.attributes
                0x0000000000000200       0x2d ./Drivers/STM32F1xx_HAL_Driver/Src/stm32f1xx_hal.o
 .ARM.attributes
                0x000000000000022d       0x2d ./Drivers/STM32F1xx_HAL_Driver/Src/stm32f1xx_hal_cortex.o
 .ARM.attributes
                0x000000000000025a       0x2d ./Drivers/STM32F1xx_HAL_Driver/Src/stm32f1xx_hal_dma.o
 .ARM.attributes
                0x0000000000000287       0x2d ./Drivers/STM32F1xx_HAL_Driver/Src/stm32f1xx_hal_gpio.o
 .ARM.attributes
                0x00000000000002b4       0x2d ./Drivers/STM32F1xx_HAL_Driver/Src/stm32f1xx_hal_rcc.o
 .ARM.attributes
                0x00000000000002e1       0x2d ./Drivers/STM32F1xx_HAL_Driver/Src/stm32f1xx_hal_spi.o
 .ARM.attributes
                0x000000000000030e       0x2d ./Drivers/STM32F1xx_HAL_Driver/Src/stm32f1xx_hal_tim.o
 .ARM.attributes
                0x000000000000033b       0x2d ./Drivers/STM32F1xx_HAL_Driver/Src/stm32f1xx_hal_tim_ex.o
 .ARM.attributes
                0x0000000000000368       0x2d ./Drivers/STM32F1xx_HAL_Driver/Src/stm32f1xx_hal_uart.o
 .ARM.attributes
                0x0000000000000395       0x2d c:/st/stm32cubeide_1.10.1/stm32cubeide/plugins/com.st.stm32cube.ide.mcu.externaltools.gnu-tools-for-stm32.10.3-2021.10.win32_1.0.0.202111181127/tools/bin/../lib/gcc/arm-none-eabi/10.3.1/../../../../arm-none-eabi/lib/thumb/v7-m/nofp\libc_nano.a(lib_a-init.o)
 .ARM.attributes
                0x00000000000003c2       0x2d c:/st/stm32cubeide_1.10.1/stm32cubeide/plugins/com.st.stm32cube.ide.mcu.externaltools.gnu-tools-for-stm32.10.3-2021.10.win32_1.0.0.202111181127/tools/bin/../lib/gcc/arm-none-eabi/10.3.1/../../../../arm-none-eabi/lib/thumb/v7-m/nofp\libc_nano.a(lib_a-memset.o)
 .ARM.attributes
                0x00000000000003ef       0x1d c:/st/stm32cubeide_1.10.1/stm32cubeide/plugins/com.st.stm32cube.ide.mcu.externaltools.gnu-tools-for-stm32.10.3-2021.10.win32_1.0.0.202111181127/tools/bin/../lib/gcc/arm-none-eabi/10.3.1/thumb/v7-m/nofp\libgcc.a(_aeabi_uldivmod.o)
 .ARM.attributes
                0x000000000000040c       0x2d c:/st/stm32cubeide_1.10.1/stm32cubeide/plugins/com.st.stm32cube.ide.mcu.externaltools.gnu-tools-for-stm32.10.3-2021.10.win32_1.0.0.202111181127/tools/bin/../lib/gcc/arm-none-eabi/10.3.1/thumb/v7-m/nofp\libgcc.a(_udivmoddi4.o)
 .ARM.attributes
                0x0000000000000439       0x1d c:/st/stm32cubeide_1.10.1/stm32cubeide/plugins/com.st.stm32cube.ide.mcu.externaltools.gnu-tools-for-stm32.10.3-2021.10.win32_1.0.0.202111181127/tools/bin/../lib/gcc/arm-none-eabi/10.3.1/thumb/v7-m/nofp\libgcc.a(_dvmd_tls.o)
 .ARM.attributes
                0x0000000000000456       0x1d c:/st/stm32cubeide_1.10.1/stm32cubeide/plugins/com.st.stm32cube.ide.mcu.externaltools.gnu-tools-for-stm32.10.3-2021.10.win32_1.0.0.202111181127/tools/bin/../lib/gcc/arm-none-eabi/10.3.1/thumb/v7-m/nofp/crtn.o
OUTPUT(STM32F107VCT7_GDC.elf elf32-littlearm)
LOAD linker stubs
LOAD c:/st/stm32cubeide_1.10.1/stm32cubeide/plugins/com.st.stm32cube.ide.mcu.externaltools.gnu-tools-for-stm32.10.3-2021.10.win32_1.0.0.202111181127/tools/bin/../lib/gcc/arm-none-eabi/10.3.1/../../../../arm-none-eabi/lib/thumb/v7-m/nofp\libc.a
LOAD c:/st/stm32cubeide_1.10.1/stm32cubeide/plugins/com.st.stm32cube.ide.mcu.externaltools.gnu-tools-for-stm32.10.3-2021.10.win32_1.0.0.202111181127/tools/bin/../lib/gcc/arm-none-eabi/10.3.1/../../../../arm-none-eabi/lib/thumb/v7-m/nofp\libm.a
LOAD c:/st/stm32cubeide_1.10.1/stm32cubeide/plugins/com.st.stm32cube.ide.mcu.externaltools.gnu-tools-for-stm32.10.3-2021.10.win32_1.0.0.202111181127/tools/bin/../lib/gcc/arm-none-eabi/10.3.1/thumb/v7-m/nofp\libgcc.a

.debug_info     0x0000000000000000    0x10f0b
 .debug_info    0x0000000000000000      0x881 ./Core/InterruptHandler/TimerInt.o
 .debug_info    0x0000000000000881      0x5f7 ./Core/Src/app/common/uart_handler.o
 .debug_info    0x0000000000000e78      0x2ec ./Core/Src/app/logic/ace_businesslogic.o
 .debug_info    0x0000000000001164      0x7b7 ./Core/Src/app/modbus/uart_communication_app.o
 .debug_info    0x000000000000191b     0x13c3 ./Core/Src/main.o
 .debug_info    0x0000000000002cde     0x118f ./Core/Src/stm32f1xx_hal_msp.o
 .debug_info    0x0000000000003e6d      0x9d5 ./Core/Src/stm32f1xx_it.o
 .debug_info    0x0000000000004842      0x27a ./Core/Src/system_stm32f1xx.o
 .debug_info    0x0000000000004abc       0x22 ./Core/Startup/startup_stm32f107vctx.o
 .debug_info    0x0000000000004ade     0x10d0 ./Core/wq5264/w25qxx.o
 .debug_info    0x0000000000005bae      0x7bc ./Drivers/STM32F1xx_HAL_Driver/Src/stm32f1xx_hal.o
 .debug_info    0x000000000000636a      0xb8c ./Drivers/STM32F1xx_HAL_Driver/Src/stm32f1xx_hal_cortex.o
 .debug_info    0x0000000000006ef6      0x744 ./Drivers/STM32F1xx_HAL_Driver/Src/stm32f1xx_hal_dma.o
 .debug_info    0x000000000000763a      0x631 ./Drivers/STM32F1xx_HAL_Driver/Src/stm32f1xx_hal_gpio.o
 .debug_info    0x0000000000007c6b      0x911 ./Drivers/STM32F1xx_HAL_Driver/Src/stm32f1xx_hal_rcc.o
 .debug_info    0x000000000000857c     0x166b ./Drivers/STM32F1xx_HAL_Driver/Src/stm32f1xx_hal_spi.o
 .debug_info    0x0000000000009be7     0x2bab ./Drivers/STM32F1xx_HAL_Driver/Src/stm32f1xx_hal_tim.o
 .debug_info    0x000000000000c792     0x15c7 ./Drivers/STM32F1xx_HAL_Driver/Src/stm32f1xx_hal_tim_ex.o
 .debug_info    0x000000000000dd59     0x31b2 ./Drivers/STM32F1xx_HAL_Driver/Src/stm32f1xx_hal_uart.o

.debug_abbrev   0x0000000000000000     0x261b
 .debug_abbrev  0x0000000000000000      0x1e5 ./Core/InterruptHandler/TimerInt.o
 .debug_abbrev  0x00000000000001e5      0x15c ./Core/Src/app/common/uart_handler.o
 .debug_abbrev  0x0000000000000341      0x135 ./Core/Src/app/logic/ace_businesslogic.o
 .debug_abbrev  0x0000000000000476      0x1da ./Core/Src/app/modbus/uart_communication_app.o
 .debug_abbrev  0x0000000000000650      0x2e3 ./Core/Src/main.o
 .debug_abbrev  0x0000000000000933      0x20a ./Core/Src/stm32f1xx_hal_msp.o
 .debug_abbrev  0x0000000000000b3d      0x18b ./Core/Src/stm32f1xx_it.o
 .debug_abbrev  0x0000000000000cc8      0x116 ./Core/Src/system_stm32f1xx.o
 .debug_abbrev  0x0000000000000dde       0x12 ./Core/Startup/startup_stm32f107vctx.o
 .debug_abbrev  0x0000000000000df0      0x2e3 ./Core/wq5264/w25qxx.o
 .debug_abbrev  0x00000000000010d3      0x1fb ./Drivers/STM32F1xx_HAL_Driver/Src/stm32f1xx_hal.o
 .debug_abbrev  0x00000000000012ce      0x2ed ./Drivers/STM32F1xx_HAL_Driver/Src/stm32f1xx_hal_cortex.o
 .debug_abbrev  0x00000000000015bb      0x1fe ./Drivers/STM32F1xx_HAL_Driver/Src/stm32f1xx_hal_dma.o
 .debug_abbrev  0x00000000000017b9      0x1bb ./Drivers/STM32F1xx_HAL_Driver/Src/stm32f1xx_hal_gpio.o
 .debug_abbrev  0x0000000000001974      0x28a ./Drivers/STM32F1xx_HAL_Driver/Src/stm32f1xx_hal_rcc.o
 .debug_abbrev  0x0000000000001bfe      0x26e ./Drivers/STM32F1xx_HAL_Driver/Src/stm32f1xx_hal_spi.o
 .debug_abbrev  0x0000000000001e6c      0x264 ./Drivers/STM32F1xx_HAL_Driver/Src/stm32f1xx_hal_tim.o
 .debug_abbrev  0x00000000000020d0      0x26c ./Drivers/STM32F1xx_HAL_Driver/Src/stm32f1xx_hal_tim_ex.o
 .debug_abbrev  0x000000000000233c      0x2df ./Drivers/STM32F1xx_HAL_Driver/Src/stm32f1xx_hal_uart.o

.debug_aranges  0x0000000000000000      0xf78
 .debug_aranges
                0x0000000000000000       0x38 ./Core/InterruptHandler/TimerInt.o
 .debug_aranges
                0x0000000000000038       0x20 ./Core/Src/app/common/uart_handler.o
 .debug_aranges
                0x0000000000000058       0x20 ./Core/Src/app/logic/ace_businesslogic.o
 .debug_aranges
                0x0000000000000078       0x38 ./Core/Src/app/modbus/uart_communication_app.o
 .debug_aranges
                0x00000000000000b0       0x58 ./Core/Src/main.o
 .debug_aranges
                0x0000000000000108       0x50 ./Core/Src/stm32f1xx_hal_msp.o
 .debug_aranges
                0x0000000000000158       0x78 ./Core/Src/stm32f1xx_it.o
 .debug_aranges
                0x00000000000001d0       0x28 ./Core/Src/system_stm32f1xx.o
 .debug_aranges
                0x00000000000001f8       0x28 ./Core/Startup/startup_stm32f107vctx.o
 .debug_aranges
                0x0000000000000220      0x100 ./Core/wq5264/w25qxx.o
 .debug_aranges
                0x0000000000000320       0xe0 ./Drivers/STM32F1xx_HAL_Driver/Src/stm32f1xx_hal.o
 .debug_aranges
                0x0000000000000400      0x100 ./Drivers/STM32F1xx_HAL_Driver/Src/stm32f1xx_hal_cortex.o
 .debug_aranges
                0x0000000000000500       0x80 ./Drivers/STM32F1xx_HAL_Driver/Src/stm32f1xx_hal_dma.o
 .debug_aranges
                0x0000000000000580       0x58 ./Drivers/STM32F1xx_HAL_Driver/Src/stm32f1xx_hal_gpio.o
 .debug_aranges
                0x00000000000005d8       0x90 ./Drivers/STM32F1xx_HAL_Driver/Src/stm32f1xx_hal_rcc.o
 .debug_aranges
                0x0000000000000668      0x1d0 ./Drivers/STM32F1xx_HAL_Driver/Src/stm32f1xx_hal_spi.o
 .debug_aranges
                0x0000000000000838      0x3d0 ./Drivers/STM32F1xx_HAL_Driver/Src/stm32f1xx_hal_tim.o
 .debug_aranges
                0x0000000000000c08      0x168 ./Drivers/STM32F1xx_HAL_Driver/Src/stm32f1xx_hal_tim_ex.o
 .debug_aranges
                0x0000000000000d70      0x208 ./Drivers/STM32F1xx_HAL_Driver/Src/stm32f1xx_hal_uart.o

.debug_ranges   0x0000000000000000      0xec8
 .debug_ranges  0x0000000000000000       0x28 ./Core/InterruptHandler/TimerInt.o
 .debug_ranges  0x0000000000000028       0x10 ./Core/Src/app/common/uart_handler.o
 .debug_ranges  0x0000000000000038       0x10 ./Core/Src/app/logic/ace_businesslogic.o
 .debug_ranges  0x0000000000000048       0x28 ./Core/Src/app/modbus/uart_communication_app.o
 .debug_ranges  0x0000000000000070       0x48 ./Core/Src/main.o
 .debug_ranges  0x00000000000000b8       0x40 ./Core/Src/stm32f1xx_hal_msp.o
 .debug_ranges  0x00000000000000f8       0x68 ./Core/Src/stm32f1xx_it.o
 .debug_ranges  0x0000000000000160       0x18 ./Core/Src/system_stm32f1xx.o
 .debug_ranges  0x0000000000000178       0x20 ./Core/Startup/startup_stm32f107vctx.o
 .debug_ranges  0x0000000000000198      0x138 ./Core/wq5264/w25qxx.o
 .debug_ranges  0x00000000000002d0       0xd0 ./Drivers/STM32F1xx_HAL_Driver/Src/stm32f1xx_hal.o
 .debug_ranges  0x00000000000003a0       0xf0 ./Drivers/STM32F1xx_HAL_Driver/Src/stm32f1xx_hal_cortex.o
 .debug_ranges  0x0000000000000490       0x70 ./Drivers/STM32F1xx_HAL_Driver/Src/stm32f1xx_hal_dma.o
 .debug_ranges  0x0000000000000500       0x48 ./Drivers/STM32F1xx_HAL_Driver/Src/stm32f1xx_hal_gpio.o
 .debug_ranges  0x0000000000000548       0x80 ./Drivers/STM32F1xx_HAL_Driver/Src/stm32f1xx_hal_rcc.o
 .debug_ranges  0x00000000000005c8      0x1c0 ./Drivers/STM32F1xx_HAL_Driver/Src/stm32f1xx_hal_spi.o
 .debug_ranges  0x0000000000000788      0x3c0 ./Drivers/STM32F1xx_HAL_Driver/Src/stm32f1xx_hal_tim.o
 .debug_ranges  0x0000000000000b48      0x158 ./Drivers/STM32F1xx_HAL_Driver/Src/stm32f1xx_hal_tim_ex.o
 .debug_ranges  0x0000000000000ca0      0x228 ./Drivers/STM32F1xx_HAL_Driver/Src/stm32f1xx_hal_uart.o

.debug_macro    0x0000000000000000    0x1f165
 .debug_macro   0x0000000000000000      0x1c6 ./Core/InterruptHandler/TimerInt.o
 .debug_macro   0x00000000000001c6      0x221 ./Core/InterruptHandler/TimerInt.o
 .debug_macro   0x00000000000003e7       0x2e ./Core/InterruptHandler/TimerInt.o
 .debug_macro   0x0000000000000415       0x22 ./Core/InterruptHandler/TimerInt.o
 .debug_macro   0x0000000000000437       0x22 ./Core/InterruptHandler/TimerInt.o
 .debug_macro   0x0000000000000459       0x8e ./Core/InterruptHandler/TimerInt.o
 .debug_macro   0x00000000000004e7       0x51 ./Core/InterruptHandler/TimerInt.o
 .debug_macro   0x0000000000000538      0x103 ./Core/InterruptHandler/TimerInt.o
 .debug_macro   0x000000000000063b       0x6a ./Core/InterruptHandler/TimerInt.o
 .debug_macro   0x00000000000006a5      0x1df ./Core/InterruptHandler/TimerInt.o
 .debug_macro   0x0000000000000884       0x1c ./Core/InterruptHandler/TimerInt.o
 .debug_macro   0x00000000000008a0       0x22 ./Core/InterruptHandler/TimerInt.o
 .debug_macro   0x00000000000008c2       0xbd ./Core/InterruptHandler/TimerInt.o
 .debug_macro   0x000000000000097f      0xd23 ./Core/InterruptHandler/TimerInt.o
 .debug_macro   0x00000000000016a2    0x15c59 ./Core/InterruptHandler/TimerInt.o
 .debug_macro   0x00000000000172fb       0x6d ./Core/InterruptHandler/TimerInt.o
 .debug_macro   0x0000000000017368     0x348d ./Core/InterruptHandler/TimerInt.o
 .debug_macro   0x000000000001a7f5      0x174 ./Core/InterruptHandler/TimerInt.o
 .debug_macro   0x000000000001a969       0x5c ./Core/InterruptHandler/TimerInt.o
 .debug_macro   0x000000000001a9c5      0x5bc ./Core/InterruptHandler/TimerInt.o
 .debug_macro   0x000000000001af81      0x6b4 ./Core/InterruptHandler/TimerInt.o
 .debug_macro   0x000000000001b635      0x1cb ./Core/InterruptHandler/TimerInt.o
 .debug_macro   0x000000000001b800      0x114 ./Core/InterruptHandler/TimerInt.o
 .debug_macro   0x000000000001b914      0x214 ./Core/InterruptHandler/TimerInt.o
 .debug_macro   0x000000000001bb28       0x27 ./Core/InterruptHandler/TimerInt.o
 .debug_macro   0x000000000001bb4f      0x13c ./Core/InterruptHandler/TimerInt.o
 .debug_macro   0x000000000001bc8b      0x1bc ./Core/InterruptHandler/TimerInt.o
 .debug_macro   0x000000000001be47       0x30 ./Core/InterruptHandler/TimerInt.o
 .debug_macro   0x000000000001be77       0x3c ./Core/InterruptHandler/TimerInt.o
 .debug_macro   0x000000000001beb3       0x57 ./Core/InterruptHandler/TimerInt.o
 .debug_macro   0x000000000001bf0a       0x87 ./Core/InterruptHandler/TimerInt.o
 .debug_macro   0x000000000001bf91      0x24f ./Core/InterruptHandler/TimerInt.o
 .debug_macro   0x000000000001c1e0      0x140 ./Core/InterruptHandler/TimerInt.o
 .debug_macro   0x000000000001c320      0x217 ./Core/InterruptHandler/TimerInt.o
 .debug_macro   0x000000000001c537      0x8ed ./Core/InterruptHandler/TimerInt.o
 .debug_macro   0x000000000001ce24      0x28e ./Core/InterruptHandler/TimerInt.o
 .debug_macro   0x000000000001d0b2       0xdf ./Core/InterruptHandler/TimerInt.o
 .debug_macro   0x000000000001d191      0x130 ./Core/InterruptHandler/TimerInt.o
 .debug_macro   0x000000000001d2c1      0x1c6 ./Core/Src/app/common/uart_handler.o
 .debug_macro   0x000000000001d487      0x1c6 ./Core/Src/app/logic/ace_businesslogic.o
 .debug_macro   0x000000000001d64d      0x20e ./Core/Src/app/modbus/uart_communication_app.o
 .debug_macro   0x000000000001d85b      0x1ed ./Core/Src/main.o
 .debug_macro   0x000000000001da48       0x22 ./Core/Src/main.o
 .debug_macro   0x000000000001da6a      0x1bc ./Core/Src/stm32f1xx_hal_msp.o
 .debug_macro   0x000000000001dc26      0x1c6 ./Core/Src/stm32f1xx_it.o
 .debug_macro   0x000000000001ddec      0x1ad ./Core/Src/system_stm32f1xx.o
 .debug_macro   0x000000000001df99      0x1e4 ./Core/wq5264/w25qxx.o
 .debug_macro   0x000000000001e17d       0x28 ./Core/wq5264/w25qxx.o
 .debug_macro   0x000000000001e1a5      0x1d1 ./Drivers/STM32F1xx_HAL_Driver/Src/stm32f1xx_hal.o
 .debug_macro   0x000000000001e376      0x1ad ./Drivers/STM32F1xx_HAL_Driver/Src/stm32f1xx_hal_cortex.o
 .debug_macro   0x000000000001e523      0x1ad ./Drivers/STM32F1xx_HAL_Driver/Src/stm32f1xx_hal_dma.o
 .debug_macro   0x000000000001e6d0      0x218 ./Drivers/STM32F1xx_HAL_Driver/Src/stm32f1xx_hal_gpio.o
 .debug_macro   0x000000000001e8e8      0x1bf ./Drivers/STM32F1xx_HAL_Driver/Src/stm32f1xx_hal_rcc.o
 .debug_macro   0x000000000001eaa7      0x1b5 ./Drivers/STM32F1xx_HAL_Driver/Src/stm32f1xx_hal_spi.o
 .debug_macro   0x000000000001ec5c      0x1ae ./Drivers/STM32F1xx_HAL_Driver/Src/stm32f1xx_hal_tim.o
 .debug_macro   0x000000000001ee0a      0x1ad ./Drivers/STM32F1xx_HAL_Driver/Src/stm32f1xx_hal_tim_ex.o
 .debug_macro   0x000000000001efb7      0x1ae ./Drivers/STM32F1xx_HAL_Driver/Src/stm32f1xx_hal_uart.o

.debug_line     0x0000000000000000    0x120ff
 .debug_line    0x0000000000000000      0x739 ./Core/InterruptHandler/TimerInt.o
 .debug_line    0x0000000000000739      0x747 ./Core/Src/app/common/uart_handler.o
 .debug_line    0x0000000000000e80      0x7b4 ./Core/Src/app/logic/ace_businesslogic.o
 .debug_line    0x0000000000001634      0x844 ./Core/Src/app/modbus/uart_communication_app.o
 .debug_line    0x0000000000001e78      0x9c0 ./Core/Src/main.o
 .debug_line    0x0000000000002838      0x791 ./Core/Src/stm32f1xx_hal_msp.o
 .debug_line    0x0000000000002fc9      0x793 ./Core/Src/stm32f1xx_it.o
 .debug_line    0x000000000000375c      0x73e ./Core/Src/system_stm32f1xx.o
 .debug_line    0x0000000000003e9a       0x86 ./Core/Startup/startup_stm32f107vctx.o
 .debug_line    0x0000000000003f20     0x1205 ./Core/wq5264/w25qxx.o
 .debug_line    0x0000000000005125      0x936 ./Drivers/STM32F1xx_HAL_Driver/Src/stm32f1xx_hal.o
 .debug_line    0x0000000000005a5b      0xb1c ./Drivers/STM32F1xx_HAL_Driver/Src/stm32f1xx_hal_cortex.o
 .debug_line    0x0000000000006577     0x125f ./Drivers/STM32F1xx_HAL_Driver/Src/stm32f1xx_hal_dma.o
 .debug_line    0x00000000000077d6      0x9cd ./Drivers/STM32F1xx_HAL_Driver/Src/stm32f1xx_hal_gpio.o
 .debug_line    0x00000000000081a3      0xe78 ./Drivers/STM32F1xx_HAL_Driver/Src/stm32f1xx_hal_rcc.o
 .debug_line    0x000000000000901b     0x1bb5 ./Drivers/STM32F1xx_HAL_Driver/Src/stm32f1xx_hal_spi.o
 .debug_line    0x000000000000abd0     0x340c ./Drivers/STM32F1xx_HAL_Driver/Src/stm32f1xx_hal_tim.o
 .debug_line    0x000000000000dfdc     0x18be ./Drivers/STM32F1xx_HAL_Driver/Src/stm32f1xx_hal_tim_ex.o
 .debug_line    0x000000000000f89a     0x2865 ./Drivers/STM32F1xx_HAL_Driver/Src/stm32f1xx_hal_uart.o

.debug_str      0x0000000000000000    0xb93ff
 .debug_str     0x0000000000000000    0xb5125 ./Core/InterruptHandler/TimerInt.o
                                      0xb54f8 (size before relaxing)
 .debug_str     0x00000000000b5125      0x28c ./Core/Src/app/common/uart_handler.o
                                      0xb5326 (size before relaxing)
 .debug_str     0x00000000000b53b1      0x1b1 ./Core/Src/app/logic/ace_businesslogic.o
                                      0xb5096 (size before relaxing)
 .debug_str     0x00000000000b5562      0x220 ./Core/Src/app/modbus/uart_communication_app.o
                                      0xb5566 (size before relaxing)
 .debug_str     0x00000000000b5782      0x607 ./Core/Src/main.o
                                      0xb5d0b (size before relaxing)
 .debug_str     0x00000000000b5d89      0x441 ./Core/Src/stm32f1xx_hal_msp.o
                                      0xb5c6a (size before relaxing)
 .debug_str     0x00000000000b61ca      0x122 ./Core/Src/stm32f1xx_it.o
                                      0xb5679 (size before relaxing)
 .debug_str     0x00000000000b62ec       0xb1 ./Core/Src/system_stm32f1xx.o
                                      0xb49ae (size before relaxing)
 .debug_str     0x00000000000b639d       0x36 ./Core/Startup/startup_stm32f107vctx.o
                                         0x52 (size before relaxing)
 .debug_str     0x00000000000b63d3      0x618 ./Core/wq5264/w25qxx.o
                                      0xb59ce (size before relaxing)
 .debug_str     0x00000000000b69eb      0x36e ./Drivers/STM32F1xx_HAL_Driver/Src/stm32f1xx_hal.o
                                      0xb519f (size before relaxing)
 .debug_str     0x00000000000b6d59      0x28a ./Drivers/STM32F1xx_HAL_Driver/Src/stm32f1xx_hal_cortex.o
                                      0xb50dd (size before relaxing)
 .debug_str     0x00000000000b6fe3      0x235 ./Drivers/STM32F1xx_HAL_Driver/Src/stm32f1xx_hal_dma.o
                                      0xb4d1c (size before relaxing)
 .debug_str     0x00000000000b7218      0x2d0 ./Drivers/STM32F1xx_HAL_Driver/Src/stm32f1xx_hal_gpio.o
                                      0xb4d07 (size before relaxing)
 .debug_str     0x00000000000b74e8      0x244 ./Drivers/STM32F1xx_HAL_Driver/Src/stm32f1xx_hal_rcc.o
                                      0xb4e1d (size before relaxing)
 .debug_str     0x00000000000b772c      0x503 ./Drivers/STM32F1xx_HAL_Driver/Src/stm32f1xx_hal_spi.o
                                      0xb52a5 (size before relaxing)
 .debug_str     0x00000000000b7c2f      0xd95 ./Drivers/STM32F1xx_HAL_Driver/Src/stm32f1xx_hal_tim.o
                                      0xb5d94 (size before relaxing)
 .debug_str     0x00000000000b89c4      0x493 ./Drivers/STM32F1xx_HAL_Driver/Src/stm32f1xx_hal_tim_ex.o
                                      0xb55b0 (size before relaxing)
 .debug_str     0x00000000000b8e57      0x5a8 ./Drivers/STM32F1xx_HAL_Driver/Src/stm32f1xx_hal_uart.o
                                      0xb5413 (size before relaxing)

.comment        0x0000000000000000       0x50
 .comment       0x0000000000000000       0x50 ./Core/InterruptHandler/TimerInt.o
                                         0x51 (size before relaxing)
 .comment       0x0000000000000050       0x51 ./Core/Src/app/common/uart_handler.o
 .comment       0x0000000000000050       0x51 ./Core/Src/app/logic/ace_businesslogic.o
 .comment       0x0000000000000050       0x51 ./Core/Src/app/modbus/uart_communication_app.o
 .comment       0x0000000000000050       0x51 ./Core/Src/main.o
 .comment       0x0000000000000050       0x51 ./Core/Src/stm32f1xx_hal_msp.o
 .comment       0x0000000000000050       0x51 ./Core/Src/stm32f1xx_it.o
 .comment       0x0000000000000050       0x51 ./Core/Src/system_stm32f1xx.o
 .comment       0x0000000000000050       0x51 ./Core/wq5264/w25qxx.o
 .comment       0x0000000000000050       0x51 ./Drivers/STM32F1xx_HAL_Driver/Src/stm32f1xx_hal.o
 .comment       0x0000000000000050       0x51 ./Drivers/STM32F1xx_HAL_Driver/Src/stm32f1xx_hal_cortex.o
 .comment       0x0000000000000050       0x51 ./Drivers/STM32F1xx_HAL_Driver/Src/stm32f1xx_hal_dma.o
 .comment       0x0000000000000050       0x51 ./Drivers/STM32F1xx_HAL_Driver/Src/stm32f1xx_hal_gpio.o
 .comment       0x0000000000000050       0x51 ./Drivers/STM32F1xx_HAL_Driver/Src/stm32f1xx_hal_rcc.o
 .comment       0x0000000000000050       0x51 ./Drivers/STM32F1xx_HAL_Driver/Src/stm32f1xx_hal_spi.o
 .comment       0x0000000000000050       0x51 ./Drivers/STM32F1xx_HAL_Driver/Src/stm32f1xx_hal_tim.o
 .comment       0x0000000000000050       0x51 ./Drivers/STM32F1xx_HAL_Driver/Src/stm32f1xx_hal_tim_ex.o
 .comment       0x0000000000000050       0x51 ./Drivers/STM32F1xx_HAL_Driver/Src/stm32f1xx_hal_uart.o

.debug_frame    0x0000000000000000     0x4040
 .debug_frame   0x0000000000000000       0x88 ./Core/InterruptHandler/TimerInt.o
 .debug_frame   0x0000000000000088       0x38 ./Core/Src/app/common/uart_handler.o
 .debug_frame   0x00000000000000c0       0x2c ./Core/Src/app/logic/ace_businesslogic.o
 .debug_frame   0x00000000000000ec       0x90 ./Core/Src/app/modbus/uart_communication_app.o
 .debug_frame   0x000000000000017c      0x10c ./Core/Src/main.o
 .debug_frame   0x0000000000000288      0x110 ./Core/Src/stm32f1xx_hal_msp.o
 .debug_frame   0x0000000000000398      0x158 ./Core/Src/stm32f1xx_it.o
 .debug_frame   0x00000000000004f0       0x58 ./Core/Src/system_stm32f1xx.o
 .debug_frame   0x0000000000000548      0x41c ./Core/wq5264/w25qxx.o
 .debug_frame   0x0000000000000964      0x334 ./Drivers/STM32F1xx_HAL_Driver/Src/stm32f1xx_hal.o
 .debug_frame   0x0000000000000c98      0x428 ./Drivers/STM32F1xx_HAL_Driver/Src/stm32f1xx_hal_cortex.o
 .debug_frame   0x00000000000010c0      0x20c ./Drivers/STM32F1xx_HAL_Driver/Src/stm32f1xx_hal_dma.o
 .debug_frame   0x00000000000012cc      0x14c ./Drivers/STM32F1xx_HAL_Driver/Src/stm32f1xx_hal_gpio.o
 .debug_frame   0x0000000000001418      0x220 ./Drivers/STM32F1xx_HAL_Driver/Src/stm32f1xx_hal_rcc.o
 .debug_frame   0x0000000000001638      0x824 ./Drivers/STM32F1xx_HAL_Driver/Src/stm32f1xx_hal_spi.o
 .debug_frame   0x0000000000001e5c     0x11bc ./Drivers/STM32F1xx_HAL_Driver/Src/stm32f1xx_hal_tim.o
 .debug_frame   0x0000000000003018      0x638 ./Drivers/STM32F1xx_HAL_Driver/Src/stm32f1xx_hal_tim_ex.o
 .debug_frame   0x0000000000003650      0x944 ./Drivers/STM32F1xx_HAL_Driver/Src/stm32f1xx_hal_uart.o
 .debug_frame   0x0000000000003f94       0x2c c:/st/stm32cubeide_1.10.1/stm32cubeide/plugins/com.st.stm32cube.ide.mcu.externaltools.gnu-tools-for-stm32.10.3-2021.10.win32_1.0.0.202111181127/tools/bin/../lib/gcc/arm-none-eabi/10.3.1/../../../../arm-none-eabi/lib/thumb/v7-m/nofp\libc_nano.a(lib_a-init.o)
 .debug_frame   0x0000000000003fc0       0x20 c:/st/stm32cubeide_1.10.1/stm32cubeide/plugins/com.st.stm32cube.ide.mcu.externaltools.gnu-tools-for-stm32.10.3-2021.10.win32_1.0.0.202111181127/tools/bin/../lib/gcc/arm-none-eabi/10.3.1/../../../../arm-none-eabi/lib/thumb/v7-m/nofp\libc_nano.a(lib_a-memset.o)
 .debug_frame   0x0000000000003fe0       0x2c c:/st/stm32cubeide_1.10.1/stm32cubeide/plugins/com.st.stm32cube.ide.mcu.externaltools.gnu-tools-for-stm32.10.3-2021.10.win32_1.0.0.202111181127/tools/bin/../lib/gcc/arm-none-eabi/10.3.1/thumb/v7-m/nofp\libgcc.a(_aeabi_uldivmod.o)
 .debug_frame   0x000000000000400c       0x34 c:/st/stm32cubeide_1.10.1/stm32cubeide/plugins/com.st.stm32cube.ide.mcu.externaltools.gnu-tools-for-stm32.10.3-2021.10.win32_1.0.0.202111181127/tools/bin/../lib/gcc/arm-none-eabi/10.3.1/thumb/v7-m/nofp\libgcc.a(_udivmoddi4.o)
