Archive member included to satisfy reference by file (symbol)

c:/st/stm32cubeide_1.10.1/stm32cubeide/plugins/com.st.stm32cube.ide.mcu.externaltools.gnu-tools-for-stm32.10.3-2021.10.win32_1.0.0.202111181127/tools/bin/../lib/gcc/arm-none-eabi/10.3.1/../../../../arm-none-eabi/lib/thumb/v7-m/nofp\libc_nano.a(lib_a-errno.o)
                              ./Core/Src/syscalls.o (__errno)
c:/st/stm32cubeide_1.10.1/stm32cubeide/plugins/com.st.stm32cube.ide.mcu.externaltools.gnu-tools-for-stm32.10.3-2021.10.win32_1.0.0.202111181127/tools/bin/../lib/gcc/arm-none-eabi/10.3.1/../../../../arm-none-eabi/lib/thumb/v7-m/nofp\libc_nano.a(lib_a-exit.o)
                              c:/st/stm32cubeide_1.10.1/stm32cubeide/plugins/com.st.stm32cube.ide.mcu.externaltools.gnu-tools-for-stm32.10.3-2021.10.win32_1.0.0.202111181127/tools/bin/../lib/gcc/arm-none-eabi/10.3.1/../../../../arm-none-eabi/lib/thumb/v7-m/nofp/crt0.o (exit)
c:/st/stm32cubeide_1.10.1/stm32cubeide/plugins/com.st.stm32cube.ide.mcu.externaltools.gnu-tools-for-stm32.10.3-2021.10.win32_1.0.0.202111181127/tools/bin/../lib/gcc/arm-none-eabi/10.3.1/../../../../arm-none-eabi/lib/thumb/v7-m/nofp\libc_nano.a(lib_a-impure.o)
                              c:/st/stm32cubeide_1.10.1/stm32cubeide/plugins/com.st.stm32cube.ide.mcu.externaltools.gnu-tools-for-stm32.10.3-2021.10.win32_1.0.0.202111181127/tools/bin/../lib/gcc/arm-none-eabi/10.3.1/../../../../arm-none-eabi/lib/thumb/v7-m/nofp\libc_nano.a(lib_a-exit.o) (_global_impure_ptr)
c:/st/stm32cubeide_1.10.1/stm32cubeide/plugins/com.st.stm32cube.ide.mcu.externaltools.gnu-tools-for-stm32.10.3-2021.10.win32_1.0.0.202111181127/tools/bin/../lib/gcc/arm-none-eabi/10.3.1/../../../../arm-none-eabi/lib/thumb/v7-m/nofp\libc_nano.a(lib_a-init.o)
                              c:/st/stm32cubeide_1.10.1/stm32cubeide/plugins/com.st.stm32cube.ide.mcu.externaltools.gnu-tools-for-stm32.10.3-2021.10.win32_1.0.0.202111181127/tools/bin/../lib/gcc/arm-none-eabi/10.3.1/../../../../arm-none-eabi/lib/thumb/v7-m/nofp/crt0.o (__libc_init_array)
c:/st/stm32cubeide_1.10.1/stm32cubeide/plugins/com.st.stm32cube.ide.mcu.externaltools.gnu-tools-for-stm32.10.3-2021.10.win32_1.0.0.202111181127/tools/bin/../lib/gcc/arm-none-eabi/10.3.1/../../../../arm-none-eabi/lib/thumb/v7-m/nofp\libc_nano.a(lib_a-memset.o)
                              c:/st/stm32cubeide_1.10.1/stm32cubeide/plugins/com.st.stm32cube.ide.mcu.externaltools.gnu-tools-for-stm32.10.3-2021.10.win32_1.0.0.202111181127/tools/bin/../lib/gcc/arm-none-eabi/10.3.1/../../../../arm-none-eabi/lib/thumb/v7-m/nofp/crt0.o (memset)
c:/st/stm32cubeide_1.10.1/stm32cubeide/plugins/com.st.stm32cube.ide.mcu.externaltools.gnu-tools-for-stm32.10.3-2021.10.win32_1.0.0.202111181127/tools/bin/../lib/gcc/arm-none-eabi/10.3.1/thumb/v7-m/nofp\libgcc.a(_aeabi_uldivmod.o)
                              ./Drivers/STM32F1xx_HAL_Driver/Src/stm32f1xx_hal_rcc.o (__aeabi_uldivmod)
c:/st/stm32cubeide_1.10.1/stm32cubeide/plugins/com.st.stm32cube.ide.mcu.externaltools.gnu-tools-for-stm32.10.3-2021.10.win32_1.0.0.202111181127/tools/bin/../lib/gcc/arm-none-eabi/10.3.1/thumb/v7-m/nofp\libgcc.a(_udivmoddi4.o)
                              c:/st/stm32cubeide_1.10.1/stm32cubeide/plugins/com.st.stm32cube.ide.mcu.externaltools.gnu-tools-for-stm32.10.3-2021.10.win32_1.0.0.202111181127/tools/bin/../lib/gcc/arm-none-eabi/10.3.1/thumb/v7-m/nofp\libgcc.a(_aeabi_uldivmod.o) (__udivmoddi4)
c:/st/stm32cubeide_1.10.1/stm32cubeide/plugins/com.st.stm32cube.ide.mcu.externaltools.gnu-tools-for-stm32.10.3-2021.10.win32_1.0.0.202111181127/tools/bin/../lib/gcc/arm-none-eabi/10.3.1/thumb/v7-m/nofp\libgcc.a(_dvmd_tls.o)
                              c:/st/stm32cubeide_1.10.1/stm32cubeide/plugins/com.st.stm32cube.ide.mcu.externaltools.gnu-tools-for-stm32.10.3-2021.10.win32_1.0.0.202111181127/tools/bin/../lib/gcc/arm-none-eabi/10.3.1/thumb/v7-m/nofp\libgcc.a(_aeabi_uldivmod.o) (__aeabi_ldiv0)

Discarded input sections

 .text          0x0000000000000000        0x0 c:/st/stm32cubeide_1.10.1/stm32cubeide/plugins/com.st.stm32cube.ide.mcu.externaltools.gnu-tools-for-stm32.10.3-2021.10.win32_1.0.0.202111181127/tools/bin/../lib/gcc/arm-none-eabi/10.3.1/thumb/v7-m/nofp/crti.o
 .data          0x0000000000000000        0x0 c:/st/stm32cubeide_1.10.1/stm32cubeide/plugins/com.st.stm32cube.ide.mcu.externaltools.gnu-tools-for-stm32.10.3-2021.10.win32_1.0.0.202111181127/tools/bin/../lib/gcc/arm-none-eabi/10.3.1/thumb/v7-m/nofp/crti.o
 .bss           0x0000000000000000        0x0 c:/st/stm32cubeide_1.10.1/stm32cubeide/plugins/com.st.stm32cube.ide.mcu.externaltools.gnu-tools-for-stm32.10.3-2021.10.win32_1.0.0.202111181127/tools/bin/../lib/gcc/arm-none-eabi/10.3.1/thumb/v7-m/nofp/crti.o
 .data          0x0000000000000000        0x4 c:/st/stm32cubeide_1.10.1/stm32cubeide/plugins/com.st.stm32cube.ide.mcu.externaltools.gnu-tools-for-stm32.10.3-2021.10.win32_1.0.0.202111181127/tools/bin/../lib/gcc/arm-none-eabi/10.3.1/thumb/v7-m/nofp/crtbegin.o
[...]
Memory Configuration

Name             Origin             Length             Attributes
RAM              0x0000000020000000 0x0000000000010000 xrw
FLASH            0x0000000008000000 0x0000000000040000 xr
*default*        0x0000000000000000 0xffffffffffffffff

Linker script and memory map

LOAD c:/st/stm32cubeide_1.10.1/stm32cubeide/plugins/com.st.stm32cube.ide.mcu.externaltools.gnu-tools-for-stm32.10.3-2021.10.win32_1.0.0.202111181127/tools/bin/../lib/gcc/arm-none-eabi/10.3.1/thumb/v7-m/nofp/crti.o
LOAD c:/st/stm32cubeide_1.10.1/stm32cubeide/plugins/com.st.stm32cube.ide.mcu.externaltools.gnu-tools-for-stm32.10.3-2021.10.win32_1.0.0.202111181127/tools/bin/../lib/gcc/arm-none-eabi/10.3.1/thumb/v7-m/nofp/crtbegin.o
LOAD c:/st/stm32cubeide_1.10.1/stm32cubeide/plugins/com.st.stm32cube.ide.mcu.externaltools.gnu-tools-for-stm32.10.3-2021.10.win32_1.0.0.202111181127/tools/bin/../lib/gcc/arm-none-eabi/10.3.1/../../../../arm-none-eabi/lib/thumb/v7-m/nofp/crt0.o
LOAD ./Core/InterruptHandler/SerialInt.o
LOAD ./Core/InterruptHandler/TimerInt.o
LOAD ./Core/Src/app/common/uart_handler.o
LOAD ./Core/Src/app/logic/ace_businesslogic.o
LOAD ./Core/Src/app/modbus/uart_communication_app.o
LOAD ./Core/Src/main.o
LOAD ./Core/Src/stm32f1xx_hal_msp.o
LOAD ./Core/Src/stm32f1xx_it.o
LOAD ./Core/Src/syscalls.o
LOAD ./Core/Src/sysmem.o
LOAD ./Core/Src/system_stm32f1xx.o
LOAD ./Core/Startup/startup_stm32f107vctx.o
LOAD ./Core/wq5264/w25qxx.o
LOAD ./Drivers/STM32F1xx_HAL_Driver/Src/stm32f1xx_hal.o
LOAD ./Drivers/STM32F1xx_HAL_Driver/Src/stm32f1xx_hal_cortex.o
LOAD ./Drivers/STM32F1xx_HAL_Driver/Src/stm32f1xx_hal_dma.o
LOAD ./Drivers/STM32F1xx_HAL_Driver/Src/stm32f1xx_hal_exti.o
LOAD ./Drivers/STM32F1xx_HAL_Driver/Src/stm32f1xx_hal_flash.o
LOAD ./Drivers/STM32F1xx_HAL_Driver/Src/stm32f1xx_hal_flash_ex.o
LOAD ./Drivers/STM32F1xx_HAL_Driver/Src/stm32f1xx_hal_gpio.o
LOAD ./Drivers/STM32F1xx_HAL_Driver/Src/stm32f1xx_hal_gpio_ex.o
LOAD ./Drivers/STM32F1xx_HAL_Driver/Src/stm32f1xx_hal_pwr.o
LOAD ./Drivers/STM32F1xx_HAL_Driver/Src/stm32f1xx_hal_rcc.o
LOAD ./Drivers/STM32F1xx_HAL_Driver/Src/stm32f1xx_hal_rcc_ex.o
LOAD ./Drivers/STM32F1xx_HAL_Driver/Src/stm32f1xx_hal_spi.o
LOAD ./Drivers/STM32F1xx_HAL_Driver/Src/stm32f1xx_hal_tim.o
LOAD ./Drivers/STM32F1xx_HAL_Driver/Src/stm32f1xx_hal_tim_ex.o
LOAD ./Drivers/STM32F1xx_HAL_Driver/Src/stm32f1xx_hal_uart.o
START GROUP
LOAD c:/st/stm32cubeide_1.10.1/stm32cubeide/plugins/com.st.stm32cube.ide.mcu.externaltools.gnu-tools-for-stm32.10.3-2021.10.win32_1.0.0.202111181127/tools/bin/../lib/gcc/arm-none-eabi/10.3.1/../../../../arm-none-eabi/lib/thumb/v7-m/nofp\libc_nano.a
LOAD c:/st/stm32cubeide_1.10.1/stm32cubeide/plugins/com.st.stm32cube.ide.mcu.externaltools.gnu-tools-for-stm32.10.3-2021.10.win32_1.0.0.202111181127/tools/bin/../lib/gcc/arm-none-eabi/10.3.1/../../../../arm-none-eabi/lib/thumb/v7-m/nofp\libm.a
END GROUP
START GROUP
LOAD c:/st/stm32cubeide_1.10.1/stm32cubeide/plugins/com.st.stm32cube.ide.mcu.externaltools.gnu-tools-for-stm32.10.3-2021.10.win32_1.0.0.202111181127/tools/bin/../lib/gcc/arm-none-eabi/10.3.1/thumb/v7-m/nofp\libgcc.a
LOAD c:/st/stm32cubeide_1.10.1/stm32cubeide/plugins/com.st.stm32cube.ide.mcu.externaltools.gnu-tools-for-stm32.10.3-2021.10.win32_1.0.0.202111181127/tools/bin/../lib/gcc/arm-none-eabi/10.3.1/../../../../arm-none-eabi/lib/thumb/v7-m/nofp\libc_nano.a
END GROUP
START GROUP
LOAD c:/st/stm32cubeide_1.10.1/stm32cubeide/plugins/com.st.stm32cube.ide.mcu.externaltools.gnu-tools-for-stm32.10.3-2021.10.win32_1.0.0.202111181127/tools/bin/../lib/gcc/arm-none-eabi/10.3.1/thumb/v7-m/nofp\libgcc.a
LOAD c:/st/stm32cubeide_1.10.1/stm32cubeide/plugins/com.st.stm32cube.ide.mcu.externaltools.gnu-tools-for-stm32.10.3-2021.10.win32_1.0.0.202111181127/tools/bin/../lib/gcc/arm-none-eabi/10.3.1/../../../../arm-none-eabi/lib/thumb/v7-m/nofp\libc_nano.a
LOAD c:/st/stm32cubeide_1.10.1/stm32cubeide/plugins/com.st.stm32cube.ide.mcu.externaltools.gnu-tools-for-stm32.10.3-2021.10.win32_1.0.0.202111181127/tools/bin/../lib/gcc/arm-none-eabi/10.3.1/../../../../arm-none-eabi/lib/thumb/v7-m/nofp\libnosys.a
END GROUP
START GROUP
LOAD c:/st/stm32cubeide_1.10.1/stm32cubeide/plugins/com.st.stm32cube.ide.mcu.externaltools.gnu-tools-for-stm32.10.3-2021.10.win32_1.0.0.202111181127/tools/bin/../lib/gcc/arm-none-eabi/10.3.1/thumb/v7-m/nofp\libgcc.a
LOAD c:/st/stm32cubeide_1.10.1/stm32cubeide/plugins/com.st.stm32cube.ide.mcu.externaltools.gnu-tools-for-stm32.10.3-2021.10.win32_1.0.0.202111181127/tools/bin/../lib/gcc/arm-none-eabi/10.3.1/../../../../arm-none-eabi/lib/thumb/v7-m/nofp\libc_nano.a
LOAD c:/st/stm32cubeide_1.10.1/stm32cubeide/plugins/com.st.stm32cube.ide.mcu.externaltools.gnu-tools-for-stm32.10.3-2021.10.win32_1.0.0.202111181127/tools/bin/../lib/gcc/arm-none-eabi/10.3.1/../../../../arm-none-eabi/lib/thumb/v7-m/nofp\libnosys.a
END GROUP
LOAD c:/st/stm32cubeide_1.10.1/stm32cubeide/plugins/com.st.stm32cube.ide.mcu.externaltools.gnu-tools-for-stm32.10.3-2021.10.win32_1.0.0.202111181127/tools/bin/../lib/gcc/arm-none-eabi/10.3.1/thumb/v7-m/nofp/crtend.o
LOAD c:/st/stm32cubeide_1.10.1/stm32cubeide/plugins/com.st.stm32cube.ide.mcu.externaltools.gnu-tools-for-stm32.10.3-2021.10.win32_1.0.0.202111181127/tools/bin/../lib/gcc/arm-none-eabi/10.3.1/thumb/v7-m/nofp/crtn.o
                0x0000000020010000                _estack = (ORIGIN (RAM) + LENGTH (RAM))
                0x0000000000000200                _Min_Heap_Size = 0x200
                0x0000000000000400                _Min_Stack_Size = 0x400

.isr_vector     0x0000000008000000      0x1e4
                0x0000000008000000                . = ALIGN (0x4)
 *(.isr_vector)
 .isr_vector    0x0000000008000000      0x1e4 ./Core/Startup/startup_stm32f107vctx.o
                0x0000000008000000                g_pfnVectors
                0x00000000080001e4                . = ALIGN (0x4)

.text           0x00000000080001e4     0x4edc
                0x00000000080001e4                . = ALIGN (0x4)
 *(.text)
 .text          0x00000000080001e4       0x40 c:/st/stm32cubeide_1.10.1/stm32cubeide/plugins/com.st.stm32cube.ide.mcu.externaltools.gnu-tools-for-stm32.10.3-2021.10.win32_1.0.0.202111181127/tools/bin/../lib/gcc/arm-none-eabi/10.3.1/thumb/v7-m/nofp/crtbegin.o
 .text          0x0000000008000224       0x30 c:/st/stm32cubeide_1.10.1/stm32cubeide/plugins/com.st.stm32cube.ide.mcu.externaltools.gnu-tools-for-stm32.10.3-2021.10.win32_1.0.0.202111181127/tools/bin/../lib/gcc/arm-none-eabi/10.3.1/thumb/v7-m/nofp\libgcc.a(_aeabi_uldivmod.o)
                0x0000000008000224                __aeabi_uldivmod
 .text          0x0000000008000254      0x2d4 c:/st/stm32cubeide_1.10.1/stm32cubeide/plugins/com.st.stm32cube.ide.mcu.externaltools.gnu-tools-for-stm32.10.3-2021.10.win32_1.0.0.202111181127/tools/bin/../lib/gcc/arm-none-eabi/10.3.1/thumb/v7-m/nofp\libgcc.a(_udivmoddi4.o)
                0x0000000008000254                __udivmoddi4
 .text          0x0000000008000528        0x4 c:/st/stm32cubeide_1.10.1/stm32cubeide/plugins/com.st.stm32cube.ide.mcu.externaltools.gnu-tools-for-stm32.10.3-2021.10.win32_1.0.0.202111181127/tools/bin/../lib/gcc/arm-none-eabi/10.3.1/thumb/v7-m/nofp\libgcc.a(_dvmd_tls.o)
                0x0000000008000528                __aeabi_idiv0
                0x0000000008000528                __aeabi_ldiv0
 *(.text*)
 .text.TimerApplicationInit
                0x000000000800052c       0x1c ./Core/InterruptHandler/TimerInt.o
                0x000000000800052c                TimerApplicationInit
 .text.HAL_TIM_PeriodElapsedCallback
                0x0000000008000548       0xec ./Core/InterruptHandler/TimerInt.o
                0x0000000008000548                HAL_TIM_PeriodElapsedCallback
 .text.InputOutputTest
                0x0000000008000634       0x28 ./Core/InterruptHandler/TimerInt.o
                0x0000000008000634                InputOutputTest
 .text.InputOutputTest1
                0x000000000800065c       0x2c ./Core/InterruptHandler/TimerInt.o
                0x000000000800065c                InputOutputTest1
 .text.HAL_UART_RxCpltCallback
                0x0000000008000688       0xf4 ./Core/Src/app/common/uart_handler.o
                0x0000000008000688                HAL_UART_RxCpltCallback
 .text.HAL_UART_TxCpltCallback
                0x000000000800077c       0x2c ./Core/Src/app/common/uart_handler.o
                0x000000000800077c                HAL_UART_TxCpltCallback
 .text.gdc_businesslogic
                0x00000000080007a8      0x300 ./Core/Src/app/logic/ace_businesslogic.o
                0x00000000080007a8                gdc_businesslogic
 .text.ModbusFrame
                0x0000000008000aa8      0x1e8 ./Core/Src/app/modbus/uart_communication_app.o
                0x0000000008000aa8                ModbusFrame
 .text.ASCChecksum
                0x0000000008000c90       0x70 ./Core/Src/app/modbus/uart_communication_app.o
                0x0000000008000c90                ASCChecksum
 .text.ModbusInit
                0x0000000008000d00       0x1c ./Core/Src/app/modbus/uart_communication_app.o
                0x0000000008000d00                ModbusInit
 .text.Dwin_Rx_Decoder
                0x0000000008000d1c       0x20 ./Core/Src/app/modbus/uart_communication_app.o
                0x0000000008000d1c                Dwin_Rx_Decoder
 .text.main     0x0000000008000d3c       0x90 ./Core/Src/main.o
                0x0000000008000d3c                main
 .text.SystemClock_Config
                0x0000000008000dcc       0xa8 ./Core/Src/main.o
                0x0000000008000dcc                SystemClock_Config
 .text.MX_SPI1_Init
                0x0000000008000e74       0x6c ./Core/Src/main.o
 .text.MX_TIM2_Init
                0x0000000008000ee0       0x98 ./Core/Src/main.o
 .text.MX_TIM3_Init
                0x0000000008000f78       0x9c ./Core/Src/main.o
 .text.MX_USART1_UART_Init
                0x0000000008001014       0x54 ./Core/Src/main.o
 .text.MX_GPIO_Init
                0x0000000008001068      0x1b0 ./Core/Src/main.o
 .text.Error_Handler
                0x0000000008001218        0xa ./Core/Src/main.o
                0x0000000008001218                Error_Handler
 *fill*         0x0000000008001222        0x2 
 .text.HAL_MspInit
                0x0000000008001224       0x5c ./Core/Src/stm32f1xx_hal_msp.o
                0x0000000008001224                HAL_MspInit
 .text.HAL_SPI_MspInit
                0x0000000008001280       0x94 ./Core/Src/stm32f1xx_hal_msp.o
                0x0000000008001280                HAL_SPI_MspInit
 .text.HAL_TIM_Base_MspInit
                0x0000000008001314       0x80 ./Core/Src/stm32f1xx_hal_msp.o
                0x0000000008001314                HAL_TIM_Base_MspInit
 .text.HAL_UART_MspInit
                0x0000000008001394       0xc4 ./Core/Src/stm32f1xx_hal_msp.o
                0x0000000008001394                HAL_UART_MspInit
 .text.NMI_Handler
                0x0000000008001458        0x6 ./Core/Src/stm32f1xx_it.o
                0x0000000008001458                NMI_Handler
 .text.HardFault_Handler
                0x000000000800145e        0x6 ./Core/Src/stm32f1xx_it.o
                0x000000000800145e                HardFault_Handler
 .text.MemManage_Handler
                0x0000000008001464        0x6 ./Core/Src/stm32f1xx_it.o
                0x0000000008001464                MemManage_Handler
 .text.BusFault_Handler
                0x000000000800146a        0x6 ./Core/Src/stm32f1xx_it.o
                0x000000000800146a                BusFault_Handler
 .text.UsageFault_Handler
                0x0000000008001470        0x6 ./Core/Src/stm32f1xx_it.o
                0x0000000008001470                UsageFault_Handler
 .text.SVC_Handler
                0x0000000008001476        0xc ./Core/Src/stm32f1xx_it.o
                0x0000000008001476                SVC_Handler
 .text.DebugMon_Handler
                0x0000000008001482        0xc ./Core/Src/stm32f1xx_it.o
                0x0000000008001482                DebugMon_Handler
 .text.PendSV_Handler
                0x000000000800148e        0xc ./Core/Src/stm32f1xx_it.o
                0x000000000800148e                PendSV_Handler
 .text.SysTick_Handler
                0x000000000800149a        0xc ./Core/Src/stm32f1xx_it.o
                0x000000000800149a                SysTick_Handler
 *fill*         0x00000000080014a6        0x2 
 .text.TIM2_IRQHandler
                0x00000000080014a8       0x14 ./Core/Src/stm32f1xx_it.o
                0x00000000080014a8                TIM2_IRQHandler
 .text.TIM3_IRQHandler
                0x00000000080014bc       0x14 ./Core/Src/stm32f1xx_it.o
                0x00000000080014bc                TIM3_IRQHandler
 .text.USART1_IRQHandler
                0x00000000080014d0       0x14 ./Core/Src/stm32f1xx_it.o
                0x00000000080014d0                USART1_IRQHandler
 .text.SystemInit
                0x00000000080014e4        0xc ./Core/Src/system_stm32f1xx.o
                0x00000000080014e4                SystemInit
 .text.Reset_Handler
                0x00000000080014f0       0x48 ./Core/Startup/startup_stm32f107vctx.o
                0x00000000080014f0                Reset_Handler
 .text.Default_Handler
                0x0000000008001538        0x2 ./Core/Startup/startup_stm32f107vctx.o
                0x0000000008001538                RTC_Alarm_IRQHandler
                0x0000000008001538                EXTI2_IRQHandler
                0x0000000008001538                TIM1_CC_IRQHandler
                0x0000000008001538                TIM6_IRQHandler
                0x0000000008001538                PVD_IRQHandler
                0x0000000008001538                CAN2_RX1_IRQHandler
                0x0000000008001538                EXTI3_IRQHandler
                0x0000000008001538                EXTI0_IRQHandler
                0x0000000008001538                I2C2_EV_IRQHandler
                0x0000000008001538                CAN1_RX0_IRQHandler
                0x0000000008001538                CAN2_SCE_IRQHandler
                0x0000000008001538                ADC1_2_IRQHandler
                0x0000000008001538                SPI1_IRQHandler
                0x0000000008001538                TAMPER_IRQHandler
                0x0000000008001538                CAN2_RX0_IRQHandler
                0x0000000008001538                DMA2_Channel2_IRQHandler
                0x0000000008001538                DMA1_Channel4_IRQHandler
                0x0000000008001538                USART3_IRQHandler
                0x0000000008001538                RTC_IRQHandler
                0x0000000008001538                DMA1_Channel7_IRQHandler
                0x0000000008001538                CAN1_RX1_IRQHandler
                0x0000000008001538                UART5_IRQHandler
                0x0000000008001538                TIM4_IRQHandler
                0x0000000008001538                DMA2_Channel1_IRQHandler
                0x0000000008001538                I2C1_EV_IRQHandler
                0x0000000008001538                DMA1_Channel6_IRQHandler
                0x0000000008001538                UART4_IRQHandler
                0x0000000008001538                DMA2_Channel4_IRQHandler
                0x0000000008001538                RCC_IRQHandler
                0x0000000008001538                TIM1_TRG_COM_IRQHandler
                0x0000000008001538                DMA1_Channel1_IRQHandler
                0x0000000008001538                Default_Handler
                0x0000000008001538                EXTI15_10_IRQHandler
                0x0000000008001538                TIM7_IRQHandler
                0x0000000008001538                CAN2_TX_IRQHandler
                0x0000000008001538                TIM5_IRQHandler
                0x0000000008001538                EXTI9_5_IRQHandler
                0x0000000008001538                ETH_WKUP_IRQHandler
                0x0000000008001538                SPI2_IRQHandler
                0x0000000008001538                CAN1_TX_IRQHandler
                0x0000000008001538                DMA2_Channel5_IRQHandler
                0x0000000008001538                DMA1_Channel5_IRQHandler
                0x0000000008001538                EXTI4_IRQHandler
                0x0000000008001538                DMA1_Channel3_IRQHandler
                0x0000000008001538                ETH_IRQHandler
                0x0000000008001538                TIM1_UP_IRQHandler
                0x0000000008001538                WWDG_IRQHandler
                0x0000000008001538                OTG_FS_WKUP_IRQHandler
                0x0000000008001538                TIM1_BRK_IRQHandler
                0x0000000008001538                EXTI1_IRQHandler
                0x0000000008001538                USART2_IRQHandler
                0x0000000008001538                I2C2_ER_IRQHandler
                0x0000000008001538                DMA1_Channel2_IRQHandler
                0x0000000008001538                CAN1_SCE_IRQHandler
                0x0000000008001538                FLASH_IRQHandler
                0x0000000008001538                OTG_FS_IRQHandler
                0x0000000008001538                SPI3_IRQHandler
                0x0000000008001538                I2C1_ER_IRQHandler
                0x0000000008001538                DMA2_Channel3_IRQHandler
 *fill*         0x000000000800153a        0x2 
 .text.W25qxx_Spi
                0x000000000800153c       0x2c ./Core/wq5264/w25qxx.o
                0x000000000800153c                W25qxx_Spi
 .text.W25qxx_ReadID
                0x0000000008001568       0x6c ./Core/wq5264/w25qxx.o
                0x0000000008001568                W25qxx_ReadID
 .text.W25qxx_ReadUniqID
                0x00000000080015d4       0x6c ./Core/wq5264/w25qxx.o
                0x00000000080015d4                W25qxx_ReadUniqID
 .text.W25qxx_WriteEnable
                0x0000000008001640       0x2c ./Core/wq5264/w25qxx.o
                0x0000000008001640                W25qxx_WriteEnable
 .text.W25qxx_ReadStatusRegister
                0x000000000800166c       0x8c ./Core/wq5264/w25qxx.o
                0x000000000800166c                W25qxx_ReadStatusRegister
 .text.W25qxx_WaitForWriteEnd
                0x00000000080016f8       0x54 ./Core/wq5264/w25qxx.o
                0x00000000080016f8                W25qxx_WaitForWriteEnd
 .text.W25qxx_Init
                0x000000000800174c      0x1a4 ./Core/wq5264/w25qxx.o
                0x000000000800174c                W25qxx_Init
 .text.W25qxx_EraseSector
                0x00000000080018f0       0xb0 ./Core/wq5264/w25qxx.o
                0x00000000080018f0                W25qxx_EraseSector
 .text.W25qxx_SectorToPage
                0x00000000080019a0       0x28 ./Core/wq5264/w25qxx.o
                0x00000000080019a0                W25qxx_SectorToPage
 .text.W25qxx_WritePage
                0x00000000080019c8      0x108 ./Core/wq5264/w25qxx.o
                0x00000000080019c8                W25qxx_WritePage
 .text.W25qxx_WriteSector
                0x0000000008001ad0       0xc4 ./Core/wq5264/w25qxx.o
                0x0000000008001ad0                W25qxx_WriteSector
 .text.W25qxx_ReadPage
                0x0000000008001b94       0xfc ./Core/wq5264/w25qxx.o
                0x0000000008001b94                W25qxx_ReadPage
 .text.W25qxx_ReadSector
                0x0000000008001c90       0xc4 ./Core/wq5264/w25qxx.o
                0x0000000008001c90                W25qxx_ReadSector
 .text.HAL_Init
                0x0000000008001d54       0x2c ./Drivers/STM32F1xx_HAL_Driver/Src/stm32f1xx_hal.o
                0x0000000008001d54                HAL_Init
 .text.HAL_InitTick
                0x0000000008001d80       0x60 ./Drivers/STM32F1xx_HAL_Driver/Src/stm32f1xx_hal.o
                0x0000000008001d80                HAL_InitTick
 .text.HAL_IncTick
                0x0000000008001de0       0x24 ./Drivers/STM32F1xx_HAL_Driver/Src/stm32f1xx_hal.o
                0x0000000008001de0                HAL_IncTick
 .text.HAL_GetTick
                0x0000000008001e04       0x14 ./Drivers/STM32F1xx_HAL_Driver/Src/stm32f1xx_hal.o
                0x0000000008001e04                HAL_GetTick
 .text.HAL_Delay
                0x0000000008001e18       0x48 ./Drivers/STM32F1xx_HAL_Driver/Src/stm32f1xx_hal.o
                0x0000000008001e18                HAL_Delay
 .text.__NVIC_SetPriorityGrouping
                0x0000000008001e60       0x48 ./Drivers/STM32F1xx_HAL_Driver/Src/stm32f1xx_hal_cortex.o
 .text.__NVIC_GetPriorityGrouping
                0x0000000008001ea8       0x1c ./Drivers/STM32F1xx_HAL_Driver/Src/stm32f1xx_hal_cortex.o
 .text.__NVIC_EnableIRQ
                0x0000000008001ec4       0x38 ./Drivers/STM32F1xx_HAL_Driver/Src/stm32f1xx_hal_cortex.o
 .text.__NVIC_SetPriority
                0x0000000008001efc       0x54 ./Drivers/STM32F1xx_HAL_Driver/Src/stm32f1xx_hal_cortex.o
 .text.NVIC_EncodePriority
                0x0000000008001f50       0x64 ./Drivers/STM32F1xx_HAL_Driver/Src/stm32f1xx_hal_cortex.o
 .text.SysTick_Config
                0x0000000008001fb4       0x44 ./Drivers/STM32F1xx_HAL_Driver/Src/stm32f1xx_hal_cortex.o
 .text.HAL_NVIC_SetPriorityGrouping
                0x0000000008001ff8       0x16 ./Drivers/STM32F1xx_HAL_Driver/Src/stm32f1xx_hal_cortex.o
                0x0000000008001ff8                HAL_NVIC_SetPriorityGrouping
 .text.HAL_NVIC_SetPriority
                0x000000000800200e       0x38 ./Drivers/STM32F1xx_HAL_Driver/Src/stm32f1xx_hal_cortex.o
                0x000000000800200e                HAL_NVIC_SetPriority
 .text.HAL_NVIC_EnableIRQ
                0x0000000008002046       0x1c ./Drivers/STM32F1xx_HAL_Driver/Src/stm32f1xx_hal_cortex.o
                0x0000000008002046                HAL_NVIC_EnableIRQ
 .text.HAL_SYSTICK_Config
                0x0000000008002062       0x18 ./Drivers/STM32F1xx_HAL_Driver/Src/stm32f1xx_hal_cortex.o
                0x0000000008002062                HAL_SYSTICK_Config
 .text.HAL_DMA_Abort
                0x000000000800207a       0x76 ./Drivers/STM32F1xx_HAL_Driver/Src/stm32f1xx_hal_dma.o
                0x000000000800207a                HAL_DMA_Abort
 .text.HAL_DMA_Abort_IT
                0x00000000080020f0      0x210 ./Drivers/STM32F1xx_HAL_Driver/Src/stm32f1xx_hal_dma.o
                0x00000000080020f0                HAL_DMA_Abort_IT
 .text.HAL_GPIO_Init
                0x0000000008002300      0x308 ./Drivers/STM32F1xx_HAL_Driver/Src/stm32f1xx_hal_gpio.o
                0x0000000008002300                HAL_GPIO_Init
 .text.HAL_GPIO_ReadPin
                0x0000000008002608       0x2e ./Drivers/STM32F1xx_HAL_Driver/Src/stm32f1xx_hal_gpio.o
                0x0000000008002608                HAL_GPIO_ReadPin
 .text.HAL_GPIO_WritePin
                0x0000000008002636       0x30 ./Drivers/STM32F1xx_HAL_Driver/Src/stm32f1xx_hal_gpio.o
                0x0000000008002636                HAL_GPIO_WritePin
 *fill*         0x0000000008002666        0x2 
 .text.HAL_RCC_OscConfig
                0x0000000008002668      0x62c ./Drivers/STM32F1xx_HAL_Driver/Src/stm32f1xx_hal_rcc.o
                0x0000000008002668                HAL_RCC_OscConfig
 .text.HAL_RCC_ClockConfig
                0x0000000008002c94      0x1d4 ./Drivers/STM32F1xx_HAL_Driver/Src/stm32f1xx_hal_rcc.o
                0x0000000008002c94                HAL_RCC_ClockConfig
 .text.HAL_RCC_GetSysClockFreq
                0x0000000008002e68      0x1e8 ./Drivers/STM32F1xx_HAL_Driver/Src/stm32f1xx_hal_rcc.o
                0x0000000008002e68                HAL_RCC_GetSysClockFreq
 .text.HAL_RCC_GetHCLKFreq
                0x0000000008003050       0x14 ./Drivers/STM32F1xx_HAL_Driver/Src/stm32f1xx_hal_rcc.o
                0x0000000008003050                HAL_RCC_GetHCLKFreq
 .text.HAL_RCC_GetPCLK1Freq
                0x0000000008003064       0x28 ./Drivers/STM32F1xx_HAL_Driver/Src/stm32f1xx_hal_rcc.o
                0x0000000008003064                HAL_RCC_GetPCLK1Freq
 .text.HAL_RCC_GetPCLK2Freq
                0x000000000800308c       0x28 ./Drivers/STM32F1xx_HAL_Driver/Src/stm32f1xx_hal_rcc.o
                0x000000000800308c                HAL_RCC_GetPCLK2Freq
 .text.RCC_Delay
                0x00000000080030b4       0x3c ./Drivers/STM32F1xx_HAL_Driver/Src/stm32f1xx_hal_rcc.o
 .text.HAL_SPI_Init
                0x00000000080030f0      0x108 ./Drivers/STM32F1xx_HAL_Driver/Src/stm32f1xx_hal_spi.o
                0x00000000080030f0                HAL_SPI_Init
 .text.HAL_SPI_Transmit
                0x00000000080031f8      0x286 ./Drivers/STM32F1xx_HAL_Driver/Src/stm32f1xx_hal_spi.o
                0x00000000080031f8                HAL_SPI_Transmit
 .text.HAL_SPI_Receive
                0x000000000800347e      0x230 ./Drivers/STM32F1xx_HAL_Driver/Src/stm32f1xx_hal_spi.o
                0x000000000800347e                HAL_SPI_Receive
 .text.HAL_SPI_TransmitReceive
                0x00000000080036ae      0x360 ./Drivers/STM32F1xx_HAL_Driver/Src/stm32f1xx_hal_spi.o
                0x00000000080036ae                HAL_SPI_TransmitReceive
 *fill*         0x0000000008003a0e        0x2 
 .text.SPI_WaitFlagStateUntilTimeout
                0x0000000008003a10      0x110 ./Drivers/STM32F1xx_HAL_Driver/Src/stm32f1xx_hal_spi.o
 .text.SPI_EndRxTransaction
                0x0000000008003b20       0xa4 ./Drivers/STM32F1xx_HAL_Driver/Src/stm32f1xx_hal_spi.o
 .text.SPI_EndRxTxTransaction
                0x0000000008003bc4       0x3c ./Drivers/STM32F1xx_HAL_Driver/Src/stm32f1xx_hal_spi.o
 .text.HAL_TIM_Base_Init
                0x0000000008003c00       0x9e ./Drivers/STM32F1xx_HAL_Driver/Src/stm32f1xx_hal_tim.o
                0x0000000008003c00                HAL_TIM_Base_Init
 *fill*         0x0000000008003c9e        0x2 
 .text.HAL_TIM_Base_Start_IT
                0x0000000008003ca0       0xb4 ./Drivers/STM32F1xx_HAL_Driver/Src/stm32f1xx_hal_tim.o
                0x0000000008003ca0                HAL_TIM_Base_Start_IT
 .text.HAL_TIM_IRQHandler
                0x0000000008003d54      0x210 ./Drivers/STM32F1xx_HAL_Driver/Src/stm32f1xx_hal_tim.o
                0x0000000008003d54                HAL_TIM_IRQHandler
 .text.HAL_TIM_ConfigClockSource
                0x0000000008003f64      0x18e ./Drivers/STM32F1xx_HAL_Driver/Src/stm32f1xx_hal_tim.o
                0x0000000008003f64                HAL_TIM_ConfigClockSource
 .text.HAL_TIM_OC_DelayElapsedCallback
                0x00000000080040f2       0x12 ./Drivers/STM32F1xx_HAL_Driver/Src/stm32f1xx_hal_tim.o
                0x00000000080040f2                HAL_TIM_OC_DelayElapsedCallback
 .text.HAL_TIM_IC_CaptureCallback
                0x0000000008004104       0x12 ./Drivers/STM32F1xx_HAL_Driver/Src/stm32f1xx_hal_tim.o
                0x0000000008004104                HAL_TIM_IC_CaptureCallback
 .text.HAL_TIM_PWM_PulseFinishedCallback
                0x0000000008004116       0x12 ./Drivers/STM32F1xx_HAL_Driver/Src/stm32f1xx_hal_tim.o
                0x0000000008004116                HAL_TIM_PWM_PulseFinishedCallback
 .text.HAL_TIM_TriggerCallback
                0x0000000008004128       0x12 ./Drivers/STM32F1xx_HAL_Driver/Src/stm32f1xx_hal_tim.o
                0x0000000008004128                HAL_TIM_TriggerCallback
 *fill*         0x000000000800413a        0x2 
 .text.TIM_Base_SetConfig
                0x000000000800413c       0xd8 ./Drivers/STM32F1xx_HAL_Driver/Src/stm32f1xx_hal_tim.o
                0x000000000800413c                TIM_Base_SetConfig
 .text.TIM_TI1_ConfigInputStage
                0x0000000008004214       0x5c ./Drivers/STM32F1xx_HAL_Driver/Src/stm32f1xx_hal_tim.o
 .text.TIM_TI2_ConfigInputStage
                0x0000000008004270       0x5e ./Drivers/STM32F1xx_HAL_Driver/Src/stm32f1xx_hal_tim.o
 .text.TIM_ITRx_SetConfig
                0x00000000080042ce       0x34 ./Drivers/STM32F1xx_HAL_Driver/Src/stm32f1xx_hal_tim.o
 .text.TIM_ETR_SetConfig
                0x0000000008004302       0x3e ./Drivers/STM32F1xx_HAL_Driver/Src/stm32f1xx_hal_tim.o
                0x0000000008004302                TIM_ETR_SetConfig
 .text.HAL_TIMEx_MasterConfigSynchronization
                0x0000000008004340       0xcc ./Drivers/STM32F1xx_HAL_Driver/Src/stm32f1xx_hal_tim_ex.o
                0x0000000008004340                HAL_TIMEx_MasterConfigSynchronization
 .text.HAL_TIMEx_CommutCallback
                0x000000000800440c       0x12 ./Drivers/STM32F1xx_HAL_Driver/Src/stm32f1xx_hal_tim_ex.o
                0x000000000800440c                HAL_TIMEx_CommutCallback
 .text.HAL_TIMEx_BreakCallback
                0x000000000800441e       0x12 ./Drivers/STM32F1xx_HAL_Driver/Src/stm32f1xx_hal_tim_ex.o
                0x000000000800441e                HAL_TIMEx_BreakCallback
 .text.HAL_UART_Init
                0x0000000008004430       0xa0 ./Drivers/STM32F1xx_HAL_Driver/Src/stm32f1xx_hal_uart.o
                0x0000000008004430                HAL_UART_Init
 .text.HAL_UART_Transmit_IT
                0x00000000080044d0       0x6a ./Drivers/STM32F1xx_HAL_Driver/Src/stm32f1xx_hal_uart.o
                0x00000000080044d0                HAL_UART_Transmit_IT
 .text.HAL_UART_Receive_IT
                0x000000000800453a       0x4a ./Drivers/STM32F1xx_HAL_Driver/Src/stm32f1xx_hal_uart.o
                0x000000000800453a                HAL_UART_Receive_IT
 .text.HAL_UARTEx_ReceiveToIdle_IT
                0x0000000008004584       0xba ./Drivers/STM32F1xx_HAL_Driver/Src/stm32f1xx_hal_uart.o
                0x0000000008004584                HAL_UARTEx_ReceiveToIdle_IT
 *fill*         0x000000000800463e        0x2 
 .text.HAL_UART_IRQHandler
                0x0000000008004640      0x524 ./Drivers/STM32F1xx_HAL_Driver/Src/stm32f1xx_hal_uart.o
                0x0000000008004640                HAL_UART_IRQHandler
 .text.HAL_UART_ErrorCallback
                0x0000000008004b64       0x12 ./Drivers/STM32F1xx_HAL_Driver/Src/stm32f1xx_hal_uart.o
                0x0000000008004b64                HAL_UART_ErrorCallback
 .text.HAL_UARTEx_RxEventCallback
                0x0000000008004b76       0x16 ./Drivers/STM32F1xx_HAL_Driver/Src/stm32f1xx_hal_uart.o
                0x0000000008004b76                HAL_UARTEx_RxEventCallback
 .text.UART_Start_Receive_IT
                0x0000000008004b8c       0x72 ./Drivers/STM32F1xx_HAL_Driver/Src/stm32f1xx_hal_uart.o
                0x0000000008004b8c                UART_Start_Receive_IT
 .text.UART_EndRxTransfer
                0x0000000008004bfe       0xc4 ./Drivers/STM32F1xx_HAL_Driver/Src/stm32f1xx_hal_uart.o
 .text.UART_DMAAbortOnError
                0x0000000008004cc2       0x28 ./Drivers/STM32F1xx_HAL_Driver/Src/stm32f1xx_hal_uart.o
 .text.UART_Transmit_IT
                0x0000000008004cea       0x9e ./Drivers/STM32F1xx_HAL_Driver/Src/stm32f1xx_hal_uart.o
 .text.UART_EndTransmit_IT
                0x0000000008004d88       0x30 ./Drivers/STM32F1xx_HAL_Driver/Src/stm32f1xx_hal_uart.o
 .text.UART_Receive_IT
                0x0000000008004db8      0x17c ./Drivers/STM32F1xx_HAL_Driver/Src/stm32f1xx_hal_uart.o
 .text.UART_SetConfig
                0x0000000008004f34      0x11c ./Drivers/STM32F1xx_HAL_Driver/Src/stm32f1xx_hal_uart.o
 .text.__libc_init_array
                0x0000000008005050       0x48 c:/st/stm32cubeide_1.10.1/stm32cubeide/plugins/com.st.stm32cube.ide.mcu.externaltools.gnu-tools-for-stm32.10.3-2021.10.win32_1.0.0.202111181127/tools/bin/../lib/gcc/arm-none-eabi/10.3.1/../../../../arm-none-eabi/lib/thumb/v7-m/nofp\libc_nano.a(lib_a-init.o)
                0x0000000008005050                __libc_init_array
 .text.memset   0x0000000008005098       0x10 c:/st/stm32cubeide_1.10.1/stm32cubeide/plugins/com.st.stm32cube.ide.mcu.externaltools.gnu-tools-for-stm32.10.3-2021.10.win32_1.0.0.202111181127/tools/bin/../lib/gcc/arm-none-eabi/10.3.1/../../../../arm-none-eabi/lib/thumb/v7-m/nofp\libc_nano.a(lib_a-memset.o)
                0x0000000008005098                memset
 *(.glue_7)
 .glue_7        0x00000000080050a8        0x0 linker stubs
 *(.glue_7t)
 .glue_7t       0x00000000080050a8        0x0 linker stubs
 *(.eh_frame)
 .eh_frame      0x00000000080050a8        0x0 c:/st/stm32cubeide_1.10.1/stm32cubeide/plugins/com.st.stm32cube.ide.mcu.externaltools.gnu-tools-for-stm32.10.3-2021.10.win32_1.0.0.202111181127/tools/bin/../lib/gcc/arm-none-eabi/10.3.1/thumb/v7-m/nofp/crtbegin.o
 *(.init)
 .init          0x00000000080050a8        0x4 c:/st/stm32cubeide_1.10.1/stm32cubeide/plugins/com.st.stm32cube.ide.mcu.externaltools.gnu-tools-for-stm32.10.3-2021.10.win32_1.0.0.202111181127/tools/bin/../lib/gcc/arm-none-eabi/10.3.1/thumb/v7-m/nofp/crti.o
                0x00000000080050a8                _init
 .init          0x00000000080050ac        0x8 c:/st/stm32cubeide_1.10.1/stm32cubeide/plugins/com.st.stm32cube.ide.mcu.externaltools.gnu-tools-for-stm32.10.3-2021.10.win32_1.0.0.202111181127/tools/bin/../lib/gcc/arm-none-eabi/10.3.1/thumb/v7-m/nofp/crtn.o
 *(.fini)
 .fini          0x00000000080050b4        0x4 c:/st/stm32cubeide_1.10.1/stm32cubeide/plugins/com.st.stm32cube.ide.mcu.externaltools.gnu-tools-for-stm32.10.3-2021.10.win32_1.0.0.202111181127/tools/bin/../lib/gcc/arm-none-eabi/10.3.1/thumb/v7-m/nofp/crti.o
                0x00000000080050b4                _fini
 .fini          0x00000000080050b8        0x8 c:/st/stm32cubeide_1.10.1/stm32cubeide/plugins/com.st.stm32cube.ide.mcu.externaltools.gnu-tools-for-stm32.10.3-2021.10.win32_1.0.0.202111181127/tools/bin/../lib/gcc/arm-none-eabi/10.3.1/thumb/v7-m/nofp/crtn.o
                0x00000000080050c0                . = ALIGN (0x4)
                0x00000000080050c0                _etext = .

.vfp11_veneer   0x00000000080050c0        0x0
 .vfp11_veneer  0x00000000080050c0        0x0 linker stubs

.v4_bx          0x00000000080050c0        0x0
 .v4_bx         0x00000000080050c0        0x0 linker stubs

.iplt           0x00000000080050c0        0x0
 .iplt          0x00000000080050c0        0x0 c:/st/stm32cubeide_1.10.1/stm32cubeide/plugins/com.st.stm32cube.ide.mcu.externaltools.gnu-tools-for-stm32.10.3-2021.10.win32_1.0.0.202111181127/tools/bin/../lib/gcc/arm-none-eabi/10.3.1/thumb/v7-m/nofp/crtbegin.o

.rodata         0x00000000080050c0      0x238
                0x00000000080050c0                . = ALIGN (0x4)
 *(.rodata)
 *(.rodata*)
 .rodata.CRCArrayHigh
                0x00000000080050c0      0x100 ./Core/Src/app/modbus/uart_communication_app.o
                0x00000000080050c0                CRCArrayHigh
 .rodata.CRCArrayLow
                0x00000000080051c0      0x100 ./Core/Src/app/modbus/uart_communication_app.o
                0x00000000080051c0                CRCArrayLow
 .rodata.AHBPrescTable
                0x00000000080052c0       0x10 ./Core/Src/system_stm32f1xx.o
                0x00000000080052c0                AHBPrescTable
 .rodata.APBPrescTable
                0x00000000080052d0        0x8 ./Core/Src/system_stm32f1xx.o
                0x00000000080052d0                APBPrescTable
 .rodata.aPLLMULFactorTable.1
                0x00000000080052d8        0xe ./Drivers/STM32F1xx_HAL_Driver/Src/stm32f1xx_hal_rcc.o
 *fill*         0x00000000080052e6        0x2 
 .rodata.aPredivFactorTable.0
                0x00000000080052e8       0x10 ./Drivers/STM32F1xx_HAL_Driver/Src/stm32f1xx_hal_rcc.o
                0x00000000080052f8                . = ALIGN (0x4)

.ARM.extab      0x00000000080052f8        0x0
                0x00000000080052f8                . = ALIGN (0x4)
 *(.ARM.extab* .gnu.linkonce.armextab.*)
                0x00000000080052f8                . = ALIGN (0x4)

.ARM            0x00000000080052f8        0x8
                0x00000000080052f8                . = ALIGN (0x4)
                0x00000000080052f8                __exidx_start = .
 *(.ARM.exidx*)
 .ARM.exidx     0x00000000080052f8        0x8 c:/st/stm32cubeide_1.10.1/stm32cubeide/plugins/com.st.stm32cube.ide.mcu.externaltools.gnu-tools-for-stm32.10.3-2021.10.win32_1.0.0.202111181127/tools/bin/../lib/gcc/arm-none-eabi/10.3.1/thumb/v7-m/nofp\libgcc.a(_udivmoddi4.o)
                0x0000000008005300                __exidx_end = .
                0x0000000008005300                . = ALIGN (0x4)

.rel.dyn        0x0000000008005300        0x0
 .rel.iplt      0x0000000008005300        0x0 c:/st/stm32cubeide_1.10.1/stm32cubeide/plugins/com.st.stm32cube.ide.mcu.externaltools.gnu-tools-for-stm32.10.3-2021.10.win32_1.0.0.202111181127/tools/bin/../lib/gcc/arm-none-eabi/10.3.1/thumb/v7-m/nofp/crtbegin.o

.preinit_array  0x0000000008005300        0x0
                0x0000000008005300                . = ALIGN (0x4)
                0x0000000008005300                PROVIDE (__preinit_array_start = .)
 *(.preinit_array*)
                0x0000000008005300                PROVIDE (__preinit_array_end = .)
                0x0000000008005300                . = ALIGN (0x4)

.init_array     0x0000000008005300        0x4
                0x0000000008005300                . = ALIGN (0x4)
                0x0000000008005300                PROVIDE (__init_array_start = .)
 *(SORT_BY_NAME(.init_array.*))
 *(.init_array*)
 .init_array    0x0000000008005300        0x4 c:/st/stm32cubeide_1.10.1/stm32cubeide/plugins/com.st.stm32cube.ide.mcu.externaltools.gnu-tools-for-stm32.10.3-2021.10.win32_1.0.0.202111181127/tools/bin/../lib/gcc/arm-none-eabi/10.3.1/thumb/v7-m/nofp/crtbegin.o
                0x0000000008005304                PROVIDE (__init_array_end = .)
                0x0000000008005304                . = ALIGN (0x4)

.fini_array     0x0000000008005304        0x4
                0x0000000008005304                . = ALIGN (0x4)
                [!provide]                        PROVIDE (__fini_array_start = .)
 *(SORT_BY_NAME(.fini_array.*))
 *(.fini_array*)
 .fini_array    0x0000000008005304        0x4 c:/st/stm32cubeide_1.10.1/stm32cubeide/plugins/com.st.stm32cube.ide.mcu.externaltools.gnu-tools-for-stm32.10.3-2021.10.win32_1.0.0.202111181127/tools/bin/../lib/gcc/arm-none-eabi/10.3.1/thumb/v7-m/nofp/crtbegin.o
                [!provide]                        PROVIDE (__fini_array_end = .)
                0x0000000008005308                . = ALIGN (0x4)
                0x0000000008005308                _sidata = LOADADDR (.data)

.data           0x0000000020000000        0xc load address 0x0000000008005308
                0x0000000020000000                . = ALIGN (0x4)
                0x0000000020000000                _sdata = .
 *(.data)
 *(.data*)
 .data.SystemCoreClock
                0x0000000020000000        0x4 ./Core/Src/system_stm32f1xx.o
                0x0000000020000000                SystemCoreClock
 .data.uwTickPrio
                0x0000000020000004        0x4 ./Drivers/STM32F1xx_HAL_Driver/Src/stm32f1xx_hal.o
                0x0000000020000004                uwTickPrio
 .data.uwTickFreq
                0x0000000020000008        0x1 ./Drivers/STM32F1xx_HAL_Driver/Src/stm32f1xx_hal.o
                0x0000000020000008                uwTickFreq
 *(.RamFunc)
 *(.RamFunc*)
                0x000000002000000c                . = ALIGN (0x4)
 *fill*         0x0000000020000009        0x3 
                0x000000002000000c                _edata = .

.igot.plt       0x000000002000000c        0x0 load address 0x0000000008005314
 .igot.plt      0x000000002000000c        0x0 c:/st/stm32cubeide_1.10.1/stm32cubeide/plugins/com.st.stm32cube.ide.mcu.externaltools.gnu-tools-for-stm32.10.3-2021.10.win32_1.0.0.202111181127/tools/bin/../lib/gcc/arm-none-eabi/10.3.1/thumb/v7-m/nofp/crtbegin.o
                0x000000002000000c                . = ALIGN (0x4)

.bss            0x000000002000000c      0x218 load address 0x0000000008005314
                0x000000002000000c                _sbss = .
                0x000000002000000c                __bss_start__ = _sbss
 *(.bss)
 .bss           0x000000002000000c       0x1c c:/st/stm32cubeide_1.10.1/stm32cubeide/plugins/com.st.stm32cube.ide.mcu.externaltools.gnu-tools-for-stm32.10.3-2021.10.win32_1.0.0.202111181127/tools/bin/../lib/gcc/arm-none-eabi/10.3.1/thumb/v7-m/nofp/crtbegin.o
 *(.bss*)
 .bss.Count5ms  0x0000000020000028        0x1 ./Core/InterruptHandler/TimerInt.o
 .bss.Count1Sec
                0x0000000020000029        0x1 ./Core/InterruptHandler/TimerInt.o
                0x0000000020000029                Count1Sec
 .bss.CycleStart_Switch
                0x000000002000002a        0x1 ./Core/InterruptHandler/TimerInt.o
                0x000000002000002a                CycleStart_Switch
 .bss.Count20ms
                0x000000002000002b        0x1 ./Core/InterruptHandler/TimerInt.o
                0x000000002000002b                Count20ms
 .bss.Count500ms
                0x000000002000002c        0x1 ./Core/InterruptHandler/TimerInt.o
                0x000000002000002c                Count500ms
 .bss.Flag1Sec  0x000000002000002d        0x1 ./Core/InterruptHandler/TimerInt.o
                0x000000002000002d                Flag1Sec
 .bss.Flag200ms
                0x000000002000002e        0x1 ./Core/InterruptHandler/TimerInt.o
                0x000000002000002e                Flag200ms
 .bss.Flag5msTM2
                0x000000002000002f        0x1 ./Core/InterruptHandler/TimerInt.o
                0x000000002000002f                Flag5msTM2
 .bss.Flag500ms
                0x0000000020000030        0x1 ./Core/InterruptHandler/TimerInt.o
                0x0000000020000030                Flag500ms
 .bss.dwin_rx_multipledata_completed
                0x0000000020000031        0x1 ./Core/Src/app/common/uart_handler.o
                0x0000000020000031                dwin_rx_multipledata_completed
 .bss.Trigger_Hmi_Data_Save
                0x0000000020000032        0x1 ./Core/Src/app/common/uart_handler.o
                0x0000000020000032                Trigger_Hmi_Data_Save
 *fill*         0x0000000020000033        0x1 
 .bss.input     0x0000000020000034        0xf ./Core/Src/app/logic/ace_businesslogic.o
                0x0000000020000034                input
 *fill*         0x0000000020000043        0x1 
 .bss.Inputs_Status
                0x0000000020000044        0x2 ./Core/Src/app/logic/ace_businesslogic.o
                0x0000000020000044                Inputs_Status
 .bss.TIltingup
                0x0000000020000046        0x2 ./Core/Src/app/logic/ace_businesslogic.o
                0x0000000020000046                TIltingup
 .bss.tinltingdown
                0x0000000020000048        0x2 ./Core/Src/app/logic/ace_businesslogic.o
                0x0000000020000048                tinltingdown
 .bss.CuringTime
                0x000000002000004a        0x2 ./Core/Src/app/logic/ace_businesslogic.o
                0x000000002000004a                CuringTime
 .bss.sliderin  0x000000002000004c        0x2 ./Core/Src/app/logic/ace_businesslogic.o
                0x000000002000004c                sliderin
 .bss.SLiderout
                0x000000002000004e        0x2 ./Core/Src/app/logic/ace_businesslogic.o
                0x000000002000004e                SLiderout
 .bss.Ejectionon
                0x0000000020000050        0x2 ./Core/Src/app/logic/ace_businesslogic.o
                0x0000000020000050                Ejectionon
 .bss.Ejectionoff
                0x0000000020000052        0x2 ./Core/Src/app/logic/ace_businesslogic.o
                0x0000000020000052                Ejectionoff
 .bss.bufftx    0x0000000020000054       0x1e ./Core/Src/app/modbus/uart_communication_app.o
                0x0000000020000054                bufftx
 .bss.Config    0x0000000020000072        0x1 ./Core/Src/app/modbus/uart_communication_app.o
                0x0000000020000072                Config
 *fill*         0x0000000020000073        0x1 
 .bss.CRC_value
                0x0000000020000074        0x2 ./Core/Src/app/modbus/uart_communication_app.o
                0x0000000020000074                CRC_value
 .bss.Production
                0x0000000020000076        0x2 ./Core/Src/app/modbus/uart_communication_app.o
                0x0000000020000076                Production
 .bss.DWINRxData
                0x0000000020000078       0x40 ./Core/Src/app/modbus/uart_communication_app.o
                0x0000000020000078                DWINRxData
 .bss.RxNoOfData
                0x00000000200000b8        0x2 ./Core/Src/app/modbus/uart_communication_app.o
                0x00000000200000b8                RxNoOfData
 *fill*         0x00000000200000ba        0x2 
 .bss.hspi1     0x00000000200000bc       0x58 ./Core/Src/main.o
                0x00000000200000bc                hspi1
 .bss.htim2     0x0000000020000114       0x48 ./Core/Src/main.o
                0x0000000020000114                htim2
 .bss.htim3     0x000000002000015c       0x48 ./Core/Src/main.o
                0x000000002000015c                htim3
 .bss.huart1    0x00000000200001a4       0x48 ./Core/Src/main.o
                0x00000000200001a4                huart1
 .bss.writeFlashBuf
                0x00000000200001ec        0xa ./Core/Src/main.o
                0x00000000200001ec                writeFlashBuf
 *fill*         0x00000000200001f6        0x2 
 .bss.w25qxx    0x00000000200001f8       0x28 ./Core/wq5264/w25qxx.o
                0x00000000200001f8                w25qxx
 .bss.uwTick    0x0000000020000220        0x4 ./Drivers/STM32F1xx_HAL_Driver/Src/stm32f1xx_hal.o
                0x0000000020000220                uwTick
 *(COMMON)
                0x0000000020000224                . = ALIGN (0x4)
                0x0000000020000224                _ebss = .
                0x0000000020000224                __bss_end__ = _ebss

._user_heap_stack
                0x0000000020000224      0x604 load address 0x0000000008005314
                0x0000000020000228                . = ALIGN (0x8)
 *fill*         0x0000000020000224        0x4 
                [!provide]                        PROVIDE (end = .)
                0x0000000020000228                PROVIDE (_end = .)
                0x0000000020000428                . = (. + _Min_Heap_Size)
 *fill*         0x0000000020000228      0x200 
                0x0000000020000828                . = (. + _Min_Stack_Size)
 *fill*         0x0000000020000428      0x400 
                0x0000000020000828                . = ALIGN (0x8)

/DISCARD/
 libc.a(*)
 libm.a(*)
 libgcc.a(*)

.ARM.attributes
                0x0000000000000000       0x29
 *(.ARM.attributes)
 .ARM.attributes
                0x0000000000000000       0x1d c:/st/stm32cubeide_1.10.1/stm32cubeide/plugins/com.st.stm32cube.ide.mcu.externaltools.gnu-tools-for-stm32.10.3-2021.10.win32_1.0.0.202111181127/tools/bin/../lib/gcc/arm-none-eabi/10.3.1/thumb/v7-m/nofp/crti.o
 .ARM.attributes
                0x000000000000001d       0x2d c:/st/stm32cubeide_1.10.1/stm32cubeide/plugins/com.st.stm32cube.ide.mcu.externaltools.gnu-tools-for-stm32.10.3-2021.10.win32_1.0.0.202111181127/tools/bin/../lib/gcc/arm-none-eabi/10.3.1/thumb/v7-m/nofp/crtbegin.o
 .ARM.attributes
                0x000000000000004a       0x2d ./Core/InterruptHandler/TimerInt.o
 .ARM.attributes
                0x0000000000000077       0x2d ./Core/Src/app/common/uart_handler.o
 .ARM.attributes
                0x00000000000000a4       0x2d ./Core/Src/app/logic/ace_businesslogic.o
 .ARM.attributes
                0x00000000000000d1       0x2d ./Core/Src/app/modbus/uart_communication_app.o
 .ARM.attributes
                0x00000000000000fe       0x2d ./Core/Src/main.o
 .ARM.attributes
                0x000000000000012b       0x2d ./Core/Src/stm32f1xx_hal_msp.o
 .ARM.attributes
                0x0000000000000158       0x2d ./Core/Src/stm32f1xx_it.o
 .ARM.attributes
                0x0000000000000185       0x2d ./Core/Src/system_stm32f1xx.o
 .ARM.attributes
                0x00000000000001b2       0x21 ./Core/Startup/startup_stm32f107vctx.o
 .ARM.attributes
                0x00000000000001d3       0x2d ./Core/wq5264/w25qxx.o
 .ARM.attributes
                0x0000000000000200       0x2d ./Drivers/STM32F1xx_HAL_Driver/Src/stm32f1xx_hal.o
 .ARM.attributes
                0x000000000000022d       0x2d ./Drivers/STM32F1xx_HAL_Driver/Src/stm32f1xx_hal_cortex.o
 .ARM.attributes
                0x000000000000025a       0x2d ./Drivers/STM32F1xx_HAL_Driver/Src/stm32f1xx_hal_dma.o
 .ARM.attributes
                0x0000000000000287       0x2d ./Drivers/STM32F1xx_HAL_Driver/Src/stm32f1xx_hal_gpio.o
 .ARM.attributes
                0x00000000000002b4       0x2d ./Drivers/STM32F1xx_HAL_Driver/Src/stm32f1xx_hal_rcc.o
 .ARM.attributes
                0x00000000000002e1       0x2d ./Drivers/STM32F1xx_HAL_Driver/Src/stm32f1xx_hal_spi.o
 .ARM.attributes
                0x000000000000030e       0x2d ./Drivers/STM32F1xx_HAL_Driver/Src/stm32f1xx_hal_tim.o
 .ARM.attributes
                0x000000000000033b       0x2d ./Drivers/STM32F1xx_HAL_Driver/Src/stm32f1xx_hal_tim_ex.o
 .ARM.attributes
                0x0000000000000368       0x2d ./Drivers/STM32F1xx_HAL_Driver/Src/stm32f1xx_hal_uart.o
 .ARM.attributes
                0x0000000000000395       0x2d c:/st/stm32cubeide_1.10.1/stm32cubeide/plugins/com.st.stm32cube.ide.mcu.externaltools.gnu-tools-for-stm32.10.3-2021.10.win32_1.0.0.202111181127/tools/bin/../lib/gcc/arm-none-eabi/10.3.1/../../../../arm-none-eabi/lib/thumb/v7-m/nofp\libc_nano.a(lib_a-init.o)
 .ARM.attributes
                0x00000000000003c2       0x2d c:/st/stm32cubeide_1.10.1/stm32cubeide/plugins/com.st.stm32cube.ide.mcu.externaltools.gnu-tools-for-stm32.10.3-2021.10.win32_1.0.0.202111181127/tools/bin/../lib/gcc/arm-none-eabi/10.3.1/../../../../arm-none-eabi/lib/thumb/v7-m/nofp\libc_nano.a(lib_a-memset.o)
 .ARM.attributes
                0x00000000000003ef       0x1d c:/st/stm32cubeide_1.10.1/stm32cubeide/plugins/com.st.stm32cube.ide.mcu.externaltools.gnu-tools-for-stm32.10.3-2021.10.win32_1.0.0.202111181127/tools/bin/../lib/gcc/arm-none-eabi/10.3.1/thumb/v7-m/nofp\libgcc.a(_aeabi_uldivmod.o)
 .ARM.attributes
                0x000000000000040c       0x2d c:/st/stm32cubeide_1.10.1/stm32cubeide/plugins/com.st.stm32cube.ide.mcu.externaltools.gnu-tools-for-stm32.10.3-2021.10.win32_1.0.0.202111181127/tools/bin/../lib/gcc/arm-none-eabi/10.3.1/thumb/v7-m/nofp\libgcc.a(_udivmoddi4.o)
 .ARM.attributes
                0x0000000000000439       0x1d c:/st/stm32cubeide_1.10.1/stm32cubeide/plugins/com.st.stm32cube.ide.mcu.externaltools.gnu-tools-for-stm32.10.3-2021.10.win32_1.0.0.202111181127/tools/bin/../lib/gcc/arm-none-eabi/10.3.1/thumb/v7-m/nofp\libgcc.a(_dvmd_tls.o)
 .ARM.attributes
                0x0000000000000456       0x1d c:/st/stm32cubeide_1.10.1/stm32cubeide/plugins/com.st.stm32cube.ide.mcu.externaltools.gnu-tools-for-stm32.10.3-2021.10.win32_1.0.0.202111181127/tools/bin/../lib/gcc/arm-none-eabi/10.3.1/thumb/v7-m/nofp/crtn.o
OUTPUT(STM32F107VCT7_GDC.elf elf32-littlearm)
LOAD linker stubs
LOAD c:/st/stm32cubeide_1.10.1/stm32cubeide/plugins/com.st.stm32cube.ide.mcu.externaltools.gnu-tools-for-stm32.10.3-2021.10.win32_1.0.0.202111181127/tools/bin/../lib/gcc/arm-none-eabi/10.3.1/../../../../arm-none-eabi/lib/thumb/v7-m/nofp\libc.a
LOAD c:/st/stm32cubeide_1.10.1/stm32cubeide/plugins/com.st.stm32cube.ide.mcu.externaltools.gnu-tools-for-stm32.10.3-2021.10.win32_1.0.0.202111181127/tools/bin/../lib/gcc/arm-none-eabi/10.3.1/../../../../arm-none-eabi/lib/thumb/v7-m/nofp\libm.a
LOAD c:/st/stm32cubeide_1.10.1/stm32cubeide/plugins/com.st.stm32cube.ide.mcu.externaltools.gnu-tools-for-stm32.10.3-2021.10.win32_1.0.0.202111181127/tools/bin/../lib/gcc/arm-none-eabi/10.3.1/thumb/v7-m/nofp\libgcc.a

.debug_info     0x0000000000000000    0x11128
 .debug_info    0x0000000000000000      0x8ad ./Core/InterruptHandler/TimerInt.o
 .debug_info    0x00000000000008ad      0x6dc ./Core/Src/app/common/uart_handler.o
 .debug_info    0x0000000000000f89      0x3a2 ./Core/Src/app/logic/ace_businesslogic.o
 .debug_info    0x000000000000132b      0x80d ./Core/Src/app/modbus/uart_communication_app.o
 .debug_info    0x0000000000001b38     0x13c3 ./Core/Src/main.o
 .debug_info    0x0000000000002efb     0x118f ./Core/Src/stm32f1xx_hal_msp.o
 .debug_info    0x000000000000408a      0x9d5 ./Core/Src/stm32f1xx_it.o
 .debug_info    0x0000000000004a5f      0x27a ./Core/Src/system_stm32f1xx.o
 .debug_info    0x0000000000004cd9       0x22 ./Core/Startup/startup_stm32f107vctx.o
 .debug_info    0x0000000000004cfb     0x10d0 ./Core/wq5264/w25qxx.o
 .debug_info    0x0000000000005dcb      0x7bc ./Drivers/STM32F1xx_HAL_Driver/Src/stm32f1xx_hal.o
 .debug_info    0x0000000000006587      0xb8c ./Drivers/STM32F1xx_HAL_Driver/Src/stm32f1xx_hal_cortex.o
 .debug_info    0x0000000000007113      0x744 ./Drivers/STM32F1xx_HAL_Driver/Src/stm32f1xx_hal_dma.o
 .debug_info    0x0000000000007857      0x631 ./Drivers/STM32F1xx_HAL_Driver/Src/stm32f1xx_hal_gpio.o
 .debug_info    0x0000000000007e88      0x911 ./Drivers/STM32F1xx_HAL_Driver/Src/stm32f1xx_hal_rcc.o
 .debug_info    0x0000000000008799     0x166b ./Drivers/STM32F1xx_HAL_Driver/Src/stm32f1xx_hal_spi.o
 .debug_info    0x0000000000009e04     0x2bab ./Drivers/STM32F1xx_HAL_Driver/Src/stm32f1xx_hal_tim.o
 .debug_info    0x000000000000c9af     0x15c7 ./Drivers/STM32F1xx_HAL_Driver/Src/stm32f1xx_hal_tim_ex.o
 .debug_info    0x000000000000df76     0x31b2 ./Drivers/STM32F1xx_HAL_Driver/Src/stm32f1xx_hal_uart.o

.debug_abbrev   0x0000000000000000     0x264c
 .debug_abbrev  0x0000000000000000      0x1e5 ./Core/InterruptHandler/TimerInt.o
 .debug_abbrev  0x00000000000001e5      0x18d ./Core/Src/app/common/uart_handler.o
 .debug_abbrev  0x0000000000000372      0x135 ./Core/Src/app/logic/ace_businesslogic.o
 .debug_abbrev  0x00000000000004a7      0x1da ./Core/Src/app/modbus/uart_communication_app.o
 .debug_abbrev  0x0000000000000681      0x2e3 ./Core/Src/main.o
 .debug_abbrev  0x0000000000000964      0x20a ./Core/Src/stm32f1xx_hal_msp.o
 .debug_abbrev  0x0000000000000b6e      0x18b ./Core/Src/stm32f1xx_it.o
 .debug_abbrev  0x0000000000000cf9      0x116 ./Core/Src/system_stm32f1xx.o
 .debug_abbrev  0x0000000000000e0f       0x12 ./Core/Startup/startup_stm32f107vctx.o
 .debug_abbrev  0x0000000000000e21      0x2e3 ./Core/wq5264/w25qxx.o
 .debug_abbrev  0x0000000000001104      0x1fb ./Drivers/STM32F1xx_HAL_Driver/Src/stm32f1xx_hal.o
 .debug_abbrev  0x00000000000012ff      0x2ed ./Drivers/STM32F1xx_HAL_Driver/Src/stm32f1xx_hal_cortex.o
 .debug_abbrev  0x00000000000015ec      0x1fe ./Drivers/STM32F1xx_HAL_Driver/Src/stm32f1xx_hal_dma.o
 .debug_abbrev  0x00000000000017ea      0x1bb ./Drivers/STM32F1xx_HAL_Driver/Src/stm32f1xx_hal_gpio.o
 .debug_abbrev  0x00000000000019a5      0x28a ./Drivers/STM32F1xx_HAL_Driver/Src/stm32f1xx_hal_rcc.o
 .debug_abbrev  0x0000000000001c2f      0x26e ./Drivers/STM32F1xx_HAL_Driver/Src/stm32f1xx_hal_spi.o
 .debug_abbrev  0x0000000000001e9d      0x264 ./Drivers/STM32F1xx_HAL_Driver/Src/stm32f1xx_hal_tim.o
 .debug_abbrev  0x0000000000002101      0x26c ./Drivers/STM32F1xx_HAL_Driver/Src/stm32f1xx_hal_tim_ex.o
 .debug_abbrev  0x000000000000236d      0x2df ./Drivers/STM32F1xx_HAL_Driver/Src/stm32f1xx_hal_uart.o

.debug_aranges  0x0000000000000000      0xf80
 .debug_aranges
                0x0000000000000000       0x38 ./Core/InterruptHandler/TimerInt.o
 .debug_aranges
                0x0000000000000038       0x28 ./Core/Src/app/common/uart_handler.o
 .debug_aranges
                0x0000000000000060       0x20 ./Core/Src/app/logic/ace_businesslogic.o
 .debug_aranges
                0x0000000000000080       0x38 ./Core/Src/app/modbus/uart_communication_app.o
 .debug_aranges
                0x00000000000000b8       0x58 ./Core/Src/main.o
 .debug_aranges
                0x0000000000000110       0x50 ./Core/Src/stm32f1xx_hal_msp.o
 .debug_aranges
                0x0000000000000160       0x78 ./Core/Src/stm32f1xx_it.o
 .debug_aranges
                0x00000000000001d8       0x28 ./Core/Src/system_stm32f1xx.o
 .debug_aranges
                0x0000000000000200       0x28 ./Core/Startup/startup_stm32f107vctx.o
 .debug_aranges
                0x0000000000000228      0x100 ./Core/wq5264/w25qxx.o
 .debug_aranges
                0x0000000000000328       0xe0 ./Drivers/STM32F1xx_HAL_Driver/Src/stm32f1xx_hal.o
 .debug_aranges
                0x0000000000000408      0x100 ./Drivers/STM32F1xx_HAL_Driver/Src/stm32f1xx_hal_cortex.o
 .debug_aranges
                0x0000000000000508       0x80 ./Drivers/STM32F1xx_HAL_Driver/Src/stm32f1xx_hal_dma.o
 .debug_aranges
                0x0000000000000588       0x58 ./Drivers/STM32F1xx_HAL_Driver/Src/stm32f1xx_hal_gpio.o
 .debug_aranges
                0x00000000000005e0       0x90 ./Drivers/STM32F1xx_HAL_Driver/Src/stm32f1xx_hal_rcc.o
 .debug_aranges
                0x0000000000000670      0x1d0 ./Drivers/STM32F1xx_HAL_Driver/Src/stm32f1xx_hal_spi.o
 .debug_aranges
                0x0000000000000840      0x3d0 ./Drivers/STM32F1xx_HAL_Driver/Src/stm32f1xx_hal_tim.o
 .debug_aranges
                0x0000000000000c10      0x168 ./Drivers/STM32F1xx_HAL_Driver/Src/stm32f1xx_hal_tim_ex.o
 .debug_aranges
                0x0000000000000d78      0x208 ./Drivers/STM32F1xx_HAL_Driver/Src/stm32f1xx_hal_uart.o

.debug_ranges   0x0000000000000000      0xed0
 .debug_ranges  0x0000000000000000       0x28 ./Core/InterruptHandler/TimerInt.o
 .debug_ranges  0x0000000000000028       0x18 ./Core/Src/app/common/uart_handler.o
 .debug_ranges  0x0000000000000040       0x10 ./Core/Src/app/logic/ace_businesslogic.o
 .debug_ranges  0x0000000000000050       0x28 ./Core/Src/app/modbus/uart_communication_app.o
 .debug_ranges  0x0000000000000078       0x48 ./Core/Src/main.o
 .debug_ranges  0x00000000000000c0       0x40 ./Core/Src/stm32f1xx_hal_msp.o
 .debug_ranges  0x0000000000000100       0x68 ./Core/Src/stm32f1xx_it.o
 .debug_ranges  0x0000000000000168       0x18 ./Core/Src/system_stm32f1xx.o
 .debug_ranges  0x0000000000000180       0x20 ./Core/Startup/startup_stm32f107vctx.o
 .debug_ranges  0x00000000000001a0      0x138 ./Core/wq5264/w25qxx.o
 .debug_ranges  0x00000000000002d8       0xd0 ./Drivers/STM32F1xx_HAL_Driver/Src/stm32f1xx_hal.o
 .debug_ranges  0x00000000000003a8       0xf0 ./Drivers/STM32F1xx_HAL_Driver/Src/stm32f1xx_hal_cortex.o
 .debug_ranges  0x0000000000000498       0x70 ./Drivers/STM32F1xx_HAL_Driver/Src/stm32f1xx_hal_dma.o
 .debug_ranges  0x0000000000000508       0x48 ./Drivers/STM32F1xx_HAL_Driver/Src/stm32f1xx_hal_gpio.o
 .debug_ranges  0x0000000000000550       0x80 ./Drivers/STM32F1xx_HAL_Driver/Src/stm32f1xx_hal_rcc.o
 .debug_ranges  0x00000000000005d0      0x1c0 ./Drivers/STM32F1xx_HAL_Driver/Src/stm32f1xx_hal_spi.o
 .debug_ranges  0x0000000000000790      0x3c0 ./Drivers/STM32F1xx_HAL_Driver/Src/stm32f1xx_hal_tim.o
 .debug_ranges  0x0000000000000b50      0x158 ./Drivers/STM32F1xx_HAL_Driver/Src/stm32f1xx_hal_tim_ex.o
 .debug_ranges  0x0000000000000ca8      0x228 ./Drivers/STM32F1xx_HAL_Driver/Src/stm32f1xx_hal_uart.o

.debug_macro    0x0000000000000000    0x1f16f
 .debug_macro   0x0000000000000000      0x1c6 ./Core/InterruptHandler/TimerInt.o
 .debug_macro   0x00000000000001c6      0x221 ./Core/InterruptHandler/TimerInt.o
 .debug_macro   0x00000000000003e7       0x2e ./Core/InterruptHandler/TimerInt.o
 .debug_macro   0x0000000000000415       0x22 ./Core/InterruptHandler/TimerInt.o
 .debug_macro   0x0000000000000437       0x22 ./Core/InterruptHandler/TimerInt.o
 .debug_macro   0x0000000000000459       0x8e ./Core/InterruptHandler/TimerInt.o
 .debug_macro   0x00000000000004e7       0x51 ./Core/InterruptHandler/TimerInt.o
 .debug_macro   0x0000000000000538      0x103 ./Core/InterruptHandler/TimerInt.o
 .debug_macro   0x000000000000063b       0x6a ./Core/InterruptHandler/TimerInt.o
 .debug_macro   0x00000000000006a5      0x1df ./Core/InterruptHandler/TimerInt.o
 .debug_macro   0x0000000000000884       0x1c ./Core/InterruptHandler/TimerInt.o
 .debug_macro   0x00000000000008a0       0x22 ./Core/InterruptHandler/TimerInt.o
 .debug_macro   0x00000000000008c2       0xbd ./Core/InterruptHandler/TimerInt.o
 .debug_macro   0x000000000000097f      0xd23 ./Core/InterruptHandler/TimerInt.o
 .debug_macro   0x00000000000016a2    0x15c59 ./Core/InterruptHandler/TimerInt.o
 .debug_macro   0x00000000000172fb       0x6d ./Core/InterruptHandler/TimerInt.o
 .debug_macro   0x0000000000017368     0x348d ./Core/InterruptHandler/TimerInt.o
 .debug_macro   0x000000000001a7f5      0x174 ./Core/InterruptHandler/TimerInt.o
 .debug_macro   0x000000000001a969       0x5c ./Core/InterruptHandler/TimerInt.o
 .debug_macro   0x000000000001a9c5      0x5bc ./Core/InterruptHandler/TimerInt.o
 .debug_macro   0x000000000001af81      0x6b4 ./Core/InterruptHandler/TimerInt.o
 .debug_macro   0x000000000001b635      0x1cb ./Core/InterruptHandler/TimerInt.o
 .debug_macro   0x000000000001b800      0x114 ./Core/InterruptHandler/TimerInt.o
 .debug_macro   0x000000000001b914      0x214 ./Core/InterruptHandler/TimerInt.o
 .debug_macro   0x000000000001bb28       0x27 ./Core/InterruptHandler/TimerInt.o
 .debug_macro   0x000000000001bb4f      0x13c ./Core/InterruptHandler/TimerInt.o
 .debug_macro   0x000000000001bc8b      0x1bc ./Core/InterruptHandler/TimerInt.o
 .debug_macro   0x000000000001be47       0x30 ./Core/InterruptHandler/TimerInt.o
 .debug_macro   0x000000000001be77       0x3c ./Core/InterruptHandler/TimerInt.o
 .debug_macro   0x000000000001beb3       0x57 ./Core/InterruptHandler/TimerInt.o
 .debug_macro   0x000000000001bf0a       0x87 ./Core/InterruptHandler/TimerInt.o
 .debug_macro   0x000000000001bf91      0x24f ./Core/InterruptHandler/TimerInt.o
 .debug_macro   0x000000000001c1e0      0x140 ./Core/InterruptHandler/TimerInt.o
 .debug_macro   0x000000000001c320      0x217 ./Core/InterruptHandler/TimerInt.o
 .debug_macro   0x000000000001c537      0x8ed ./Core/InterruptHandler/TimerInt.o
 .debug_macro   0x000000000001ce24      0x28e ./Core/InterruptHandler/TimerInt.o
 .debug_macro   0x000000000001d0b2       0xdf ./Core/InterruptHandler/TimerInt.o
 .debug_macro   0x000000000001d191      0x130 ./Core/InterruptHandler/TimerInt.o
 .debug_macro   0x000000000001d2c1      0x1d0 ./Core/Src/app/common/uart_handler.o
 .debug_macro   0x000000000001d491      0x1c6 ./Core/Src/app/logic/ace_businesslogic.o
 .debug_macro   0x000000000001d657      0x20e ./Core/Src/app/modbus/uart_communication_app.o
 .debug_macro   0x000000000001d865      0x1ed ./Core/Src/main.o
 .debug_macro   0x000000000001da52       0x22 ./Core/Src/main.o
 .debug_macro   0x000000000001da74      0x1bc ./Core/Src/stm32f1xx_hal_msp.o
 .debug_macro   0x000000000001dc30      0x1c6 ./Core/Src/stm32f1xx_it.o
 .debug_macro   0x000000000001ddf6      0x1ad ./Core/Src/system_stm32f1xx.o
 .debug_macro   0x000000000001dfa3      0x1e4 ./Core/wq5264/w25qxx.o
 .debug_macro   0x000000000001e187       0x28 ./Core/wq5264/w25qxx.o
 .debug_macro   0x000000000001e1af      0x1d1 ./Drivers/STM32F1xx_HAL_Driver/Src/stm32f1xx_hal.o
 .debug_macro   0x000000000001e380      0x1ad ./Drivers/STM32F1xx_HAL_Driver/Src/stm32f1xx_hal_cortex.o
 .debug_macro   0x000000000001e52d      0x1ad ./Drivers/STM32F1xx_HAL_Driver/Src/stm32f1xx_hal_dma.o
 .debug_macro   0x000000000001e6da      0x218 ./Drivers/STM32F1xx_HAL_Driver/Src/stm32f1xx_hal_gpio.o
 .debug_macro   0x000000000001e8f2      0x1bf ./Drivers/STM32F1xx_HAL_Driver/Src/stm32f1xx_hal_rcc.o
 .debug_macro   0x000000000001eab1      0x1b5 ./Drivers/STM32F1xx_HAL_Driver/Src/stm32f1xx_hal_spi.o
 .debug_macro   0x000000000001ec66      0x1ae ./Drivers/STM32F1xx_HAL_Driver/Src/stm32f1xx_hal_tim.o
 .debug_macro   0x000000000001ee14      0x1ad ./Drivers/STM32F1xx_HAL_Driver/Src/stm32f1xx_hal_tim_ex.o
 .debug_macro   0x000000000001efc1      0x1ae ./Drivers/STM32F1xx_HAL_Driver/Src/stm32f1xx_hal_uart.o

.debug_line     0x0000000000000000    0x121a3
 .debug_line    0x0000000000000000      0x749 ./Core/InterruptHandler/TimerInt.o
 .debug_line    0x0000000000000749      0x7bc ./Core/Src/app/common/uart_handler.o
 .debug_line    0x0000000000000f05      0x7b4 ./Core/Src/app/logic/ace_businesslogic.o
 .debug_line    0x00000000000016b9      0x863 ./Core/Src/app/modbus/uart_communication_app.o
 .debug_line    0x0000000000001f1c      0x9c0 ./Core/Src/main.o
 .debug_line    0x00000000000028dc      0x791 ./Core/Src/stm32f1xx_hal_msp.o
 .debug_line    0x000000000000306d      0x793 ./Core/Src/stm32f1xx_it.o
 .debug_line    0x0000000000003800      0x73e ./Core/Src/system_stm32f1xx.o
 .debug_line    0x0000000000003f3e       0x86 ./Core/Startup/startup_stm32f107vctx.o
 .debug_line    0x0000000000003fc4     0x1205 ./Core/wq5264/w25qxx.o
 .debug_line    0x00000000000051c9      0x936 ./Drivers/STM32F1xx_HAL_Driver/Src/stm32f1xx_hal.o
 .debug_line    0x0000000000005aff      0xb1c ./Drivers/STM32F1xx_HAL_Driver/Src/stm32f1xx_hal_cortex.o
 .debug_line    0x000000000000661b     0x125f ./Drivers/STM32F1xx_HAL_Driver/Src/stm32f1xx_hal_dma.o
 .debug_line    0x000000000000787a      0x9cd ./Drivers/STM32F1xx_HAL_Driver/Src/stm32f1xx_hal_gpio.o
 .debug_line    0x0000000000008247      0xe78 ./Drivers/STM32F1xx_HAL_Driver/Src/stm32f1xx_hal_rcc.o
 .debug_line    0x00000000000090bf     0x1bb5 ./Drivers/STM32F1xx_HAL_Driver/Src/stm32f1xx_hal_spi.o
 .debug_line    0x000000000000ac74     0x340c ./Drivers/STM32F1xx_HAL_Driver/Src/stm32f1xx_hal_tim.o
 .debug_line    0x000000000000e080     0x18be ./Drivers/STM32F1xx_HAL_Driver/Src/stm32f1xx_hal_tim_ex.o
 .debug_line    0x000000000000f93e     0x2865 ./Drivers/STM32F1xx_HAL_Driver/Src/stm32f1xx_hal_uart.o

.debug_str      0x0000000000000000    0xb9481
 .debug_str     0x0000000000000000    0xb513a ./Core/InterruptHandler/TimerInt.o
                                      0xb550d (size before relaxing)
 .debug_str     0x00000000000b513a      0x34d ./Core/Src/app/common/uart_handler.o
                                      0xb541a (size before relaxing)
 .debug_str     0x00000000000b5487      0x18d ./Core/Src/app/logic/ace_businesslogic.o
                                      0xb50e2 (size before relaxing)
 .debug_str     0x00000000000b5614      0x219 ./Core/Src/app/modbus/uart_communication_app.o
                                      0xb55a6 (size before relaxing)
 .debug_str     0x00000000000b582d      0x607 ./Core/Src/main.o
                                      0xb5d0b (size before relaxing)
 .debug_str     0x00000000000b5e34      0x441 ./Core/Src/stm32f1xx_hal_msp.o
                                      0xb5c6a (size before relaxing)
 .debug_str     0x00000000000b6275      0x122 ./Core/Src/stm32f1xx_it.o
                                      0xb5679 (size before relaxing)
 .debug_str     0x00000000000b6397       0xb1 ./Core/Src/system_stm32f1xx.o
                                      0xb49ae (size before relaxing)
 .debug_str     0x00000000000b6448       0x36 ./Core/Startup/startup_stm32f107vctx.o
                                         0x52 (size before relaxing)
 .debug_str     0x00000000000b647e      0x618 ./Core/wq5264/w25qxx.o
                                      0xb59ce (size before relaxing)
 .debug_str     0x00000000000b6a96      0x36e ./Drivers/STM32F1xx_HAL_Driver/Src/stm32f1xx_hal.o
                                      0xb519f (size before relaxing)
 .debug_str     0x00000000000b6e04      0x28a ./Drivers/STM32F1xx_HAL_Driver/Src/stm32f1xx_hal_cortex.o
                                      0xb50dd (size before relaxing)
 .debug_str     0x00000000000b708e      0x235 ./Drivers/STM32F1xx_HAL_Driver/Src/stm32f1xx_hal_dma.o
                                      0xb4d1c (size before relaxing)
 .debug_str     0x00000000000b72c3      0x2d0 ./Drivers/STM32F1xx_HAL_Driver/Src/stm32f1xx_hal_gpio.o
                                      0xb4d07 (size before relaxing)
 .debug_str     0x00000000000b7593      0x244 ./Drivers/STM32F1xx_HAL_Driver/Src/stm32f1xx_hal_rcc.o
                                      0xb4e1d (size before relaxing)
 .debug_str     0x00000000000b77d7      0x503 ./Drivers/STM32F1xx_HAL_Driver/Src/stm32f1xx_hal_spi.o
                                      0xb52a5 (size before relaxing)
 .debug_str     0x00000000000b7cda      0xd95 ./Drivers/STM32F1xx_HAL_Driver/Src/stm32f1xx_hal_tim.o
                                      0xb5d94 (size before relaxing)
 .debug_str     0x00000000000b8a6f      0x493 ./Drivers/STM32F1xx_HAL_Driver/Src/stm32f1xx_hal_tim_ex.o
                                      0xb55b0 (size before relaxing)
 .debug_str     0x00000000000b8f02      0x57f ./Drivers/STM32F1xx_HAL_Driver/Src/stm32f1xx_hal_uart.o
                                      0xb5413 (size before relaxing)

.comment        0x0000000000000000       0x50
 .comment       0x0000000000000000       0x50 ./Core/InterruptHandler/TimerInt.o
                                         0x51 (size before relaxing)
 .comment       0x0000000000000050       0x51 ./Core/Src/app/common/uart_handler.o
 .comment       0x0000000000000050       0x51 ./Core/Src/app/logic/ace_businesslogic.o
 .comment       0x0000000000000050       0x51 ./Core/Src/app/modbus/uart_communication_app.o
 .comment       0x0000000000000050       0x51 ./Core/Src/main.o
 .comment       0x0000000000000050       0x51 ./Core/Src/stm32f1xx_hal_msp.o
 .comment       0x0000000000000050       0x51 ./Core/Src/stm32f1xx_it.o
 .comment       0x0000000000000050       0x51 ./Core/Src/system_stm32f1xx.o
 .comment       0x0000000000000050       0x51 ./Core/wq5264/w25qxx.o
 .comment       0x0000000000000050       0x51 ./Drivers/STM32F1xx_HAL_Driver/Src/stm32f1xx_hal.o
 .comment       0x0000000000000050       0x51 ./Drivers/STM32F1xx_HAL_Driver/Src/stm32f1xx_hal_cortex.o
 .comment       0x0000000000000050       0x51 ./Drivers/STM32F1xx_HAL_Driver/Src/stm32f1xx_hal_dma.o
 .comment       0x0000000000000050       0x51 ./Drivers/STM32F1xx_HAL_Driver/Src/stm32f1xx_hal_gpio.o
 .comment       0x0000000000000050       0x51 ./Drivers/STM32F1xx_HAL_Driver/Src/stm32f1xx_hal_rcc.o
 .comment       0x0000000000000050       0x51 ./Drivers/STM32F1xx_HAL_Driver/Src/stm32f1xx_hal_spi.o
 .comment       0x0000000000000050       0x51 ./Drivers/STM32F1xx_HAL_Driver/Src/stm32f1xx_hal_tim.o
 .comment       0x0000000000000050       0x51 ./Drivers/STM32F1xx_HAL_Driver/Src/stm32f1xx_hal_tim_ex.o
 .comment       0x0000000000000050       0x51 ./Drivers/STM32F1xx_HAL_Driver/Src/stm32f1xx_hal_uart.o

.debug_frame    0x0000000000000000     0x4064
 .debug_frame   0x0000000000000000       0x88 ./Core/InterruptHandler/TimerInt.o
 .debug_frame   0x0000000000000088       0x5c ./Core/Src/app/common/uart_handler.o
 .debug_frame   0x00000000000000e4       0x2c ./Core/Src/app/logic/ace_businesslogic.o
 .debug_frame   0x0000000000000110       0x90 ./Core/Src/app/modbus/uart_communication_app.o
 .debug_frame   0x00000000000001a0      0x10c ./Core/Src/main.o
 .debug_frame   0x00000000000002ac      0x110 ./Core/Src/stm32f1xx_hal_msp.o
 .debug_frame   0x00000000000003bc      0x158 ./Core/Src/stm32f1xx_it.o
 .debug_frame   0x0000000000000514       0x58 ./Core/Src/system_stm32f1xx.o
 .debug_frame   0x000000000000056c      0x41c ./Core/wq5264/w25qxx.o
 .debug_frame   0x0000000000000988      0x334 ./Drivers/STM32F1xx_HAL_Driver/Src/stm32f1xx_hal.o
 .debug_frame   0x0000000000000cbc      0x428 ./Drivers/STM32F1xx_HAL_Driver/Src/stm32f1xx_hal_cortex.o
 .debug_frame   0x00000000000010e4      0x20c ./Drivers/STM32F1xx_HAL_Driver/Src/stm32f1xx_hal_dma.o
 .debug_frame   0x00000000000012f0      0x14c ./Drivers/STM32F1xx_HAL_Driver/Src/stm32f1xx_hal_gpio.o
 .debug_frame   0x000000000000143c      0x220 ./Drivers/STM32F1xx_HAL_Driver/Src/stm32f1xx_hal_rcc.o
 .debug_frame   0x000000000000165c      0x824 ./Drivers/STM32F1xx_HAL_Driver/Src/stm32f1xx_hal_spi.o
 .debug_frame   0x0000000000001e80     0x11bc ./Drivers/STM32F1xx_HAL_Driver/Src/stm32f1xx_hal_tim.o
 .debug_frame   0x000000000000303c      0x638 ./Drivers/STM32F1xx_HAL_Driver/Src/stm32f1xx_hal_tim_ex.o
 .debug_frame   0x0000000000003674      0x944 ./Drivers/STM32F1xx_HAL_Driver/Src/stm32f1xx_hal_uart.o
 .debug_frame   0x0000000000003fb8       0x2c c:/st/stm32cubeide_1.10.1/stm32cubeide/plugins/com.st.stm32cube.ide.mcu.externaltools.gnu-tools-for-stm32.10.3-2021.10.win32_1.0.0.202111181127/tools/bin/../lib/gcc/arm-none-eabi/10.3.1/../../../../arm-none-eabi/lib/thumb/v7-m/nofp\libc_nano.a(lib_a-init.o)
 .debug_frame   0x0000000000003fe4       0x20 c:/st/stm32cubeide_1.10.1/stm32cubeide/plugins/com.st.stm32cube.ide.mcu.externaltools.gnu-tools-for-stm32.10.3-2021.10.win32_1.0.0.202111181127/tools/bin/../lib/gcc/arm-none-eabi/10.3.1/../../../../arm-none-eabi/lib/thumb/v7-m/nofp\libc_nano.a(lib_a-memset.o)
 .debug_frame   0x0000000000004004       0x2c c:/st/stm32cubeide_1.10.1/stm32cubeide/plugins/com.st.stm32cube.ide.mcu.externaltools.gnu-tools-for-stm32.10.3-2021.10.win32_1.0.0.202111181127/tools/bin/../lib/gcc/arm-none-eabi/10.3.1/thumb/v7-m/nofp\libgcc.a(_aeabi_uldivmod.o)
 .debug_frame   0x0000000000004030       0x34 c:/st/stm32cubeide_1.10.1/stm32cubeide/plugins/com.st.stm32cube.ide.mcu.externaltools.gnu-tools-for-stm32.10.3-2021.10.win32_1.0.0.202111181127/tools/bin/../lib/gcc/arm-none-eabi/10.3.1/thumb/v7-m/nofp\libgcc.a(_udivmoddi4.o)
